 maplink-LEGO1

 Timestamp is 6a8e2952 (Tue Aug 25 16:46:26 2026)

 Preferred load address is 10000000

 Start         Length     Name                   Class
 0001:00000000 000d2a76H .text                   CODE
 0002:00000000 000092a7H .rdata                  DATA
 0002:000092a8 00010be0H .xdata$x                DATA
 0002:00019e90 00001776H .edata                  DATA
 0003:00000000 00000004H .CRT$XCA                DATA
 0003:00000004 00000004H .CRT$XCC                DATA
 0003:00000008 00000018H .CRT$XCU                DATA
 0003:00000020 00000004H .CRT$XCZ                DATA
 0003:00000024 00000004H .CRT$XIA                DATA
 0003:00000028 00000008H .CRT$XIC                DATA
 0003:00000030 00000004H .CRT$XIZ                DATA
 0003:00000034 00000004H .CRT$XPA                DATA
 0003:00000038 00000008H .CRT$XPX                DATA
 0003:00000040 00000004H .CRT$XPZ                DATA
 0003:00000044 00000004H .CRT$XTA                DATA
 0003:00000048 00000004H .CRT$XTZ                DATA
 0003:00000050 00012aa0H .data                   DATA
 0003:00012af0 00007c44H .bss                    DATA
 0004:00000000 000000a0H .idata$2                DATA
 0004:000000a0 00000014H .idata$3                DATA
 0004:000000b4 00000274H .idata$4                DATA
 0004:00000328 00000274H .idata$5                DATA
 0004:0000059c 00000a6aH .idata$6                DATA
 0005:00000000 00000448H .rsrc$01                DATA
 0005:00000450 00001d88H .rsrc$02                DATA

  Address         Publics by Value              Rva+Base   Lib:Object

 0001:00000000       ??0Score@@QAE@XZ           10001000 f score.cpp.obj
 0001:00000070       ?Create@MxEntity@@UAEJHABVMxAtomId@@@Z 10001070 f score.cpp.obj
 0001:00000090       ?SetWorldSpeed@LegoEntity@@UAEXM@Z 10001090 f score.cpp.obj
 0001:000000a0       ?VTable0x60@LegoWorld@@UAEXXZ 100010a0 f score.cpp.obj
 0001:000000b0       ?WaitForTransition@Score@@UAEEXZ 100010b0 f score.cpp.obj
 0001:000000c0       ?ClassName@Score@@UBEPBDXZ 100010c0 f score.cpp.obj
 0001:000000d0       ?IsA@Score@@UBEEPBD@Z      100010d0 f score.cpp.obj
 0001:000001e0       ??_EScore@@UAEPAXI@Z       100011e0 f score.cpp.obj
 0001:000001e0       ??_GScore@@UAEPAXI@Z       100011e0 f score.cpp.obj
 0001:00000200       ??1Score@@UAE@XZ           10001200 f score.cpp.obj
 0001:000002a0       ?Create@Score@@UAEJAAVMxDSAction@@@Z 100012a0 f score.cpp.obj
 0001:00000340       ?DeleteScript@Score@@IAEXXZ 10001340 f score.cpp.obj
 0001:00000410       ?Notify@Score@@UAEJAAVMxParam@@@Z 10001410 f score.cpp.obj
 0001:00000510       ?HandleEndAction@Score@@QAEJAAVMxEndActionNotificationParam@@@Z 10001510 f score.cpp.obj
 0001:00000580       ?ReadyWorld@Score@@UAEXXZ  10001580 f score.cpp.obj
 0001:000006d0       ?HandleControl@Score@@QAEJAAVLegoControlManagerNotificationParam@@@Z 100016d0 f score.cpp.obj
 0001:00000980       ?Enable@Score@@UAEXE@Z     10001980 f score.cpp.obj
 0001:000009d0       ?Paint@Score@@QAEXXZ       100019d0 f score.cpp.obj
 0001:00000cc0       ?_Lbound@?$_Tree@PBDU?$pair@QBDPAVLegoTextureInfo@@@@U_Kfn@?$map@PBDPAVLegoTextureInfo@@ULegoContainerInfoComparator@@V?$allocator@PAVLegoTextureInfo@@@@@@ULegoContainerInfoComparator@@V?$allocator@PAVLegoTextureInfo@@@@@@IBEPAU_Node@1@ABQBD@Z 10001cc0 f score.cpp.obj
 0001:00000d20       ?FillArea@Score@@QAEXHHF@Z 10001d20 f score.cpp.obj
 0001:00000e40       ?Escape@Score@@UAEEXZ      10001e40 f score.cpp.obj
 0001:00000e60       ??0Helicopter@@QAE@XZ      10001e60 f helicopter.cpp.obj
 0001:00000f70       ?Tickle@MxCore@@UAEJXZ     10001f70 f helicopter.cpp.obj
 0001:00000f80       ?AddImpl@Vector2@@MAEXPBM@Z 10001f80 f helicopter.cpp.obj
 0001:00000fa0       ?AddImpl@Vector2@@MAEXM@Z  10001fa0 f helicopter.cpp.obj
 0001:00000fc0       ?SubImpl@Vector2@@MAEXPBM@Z 10001fc0 f helicopter.cpp.obj
 0001:00000fe0       ?MulImpl@Vector2@@MAEXPBM@Z 10001fe0 f helicopter.cpp.obj
 0001:00001000       ?MulImpl@Vector2@@MAEXABM@Z 10002000 f helicopter.cpp.obj
 0001:00001020       ?DivImpl@Vector2@@MAEXABM@Z 10002020 f helicopter.cpp.obj
 0001:00001040       ?DotImpl@Vector2@@MBEMPBM0@Z 10002040 f helicopter.cpp.obj
 0001:00001060       ?SetData@Vector2@@MAEXPAM@Z 10002060 f helicopter.cpp.obj
 0001:00001070       ?EqualsImpl@Vector2@@MAEXPBM@Z 10002070 f helicopter.cpp.obj
 0001:00001090       ?GetData@Vector2@@UAEPAMXZ 10002090 f helicopter.cpp.obj
 0001:000010a0       ?GetData@Vector2@@UBEPBMXZ 100020a0 f helicopter.cpp.obj
 0001:000010b0       ?Clear@Vector2@@UAEXXZ     100020b0 f helicopter.cpp.obj
 0001:000010d0       ?Dot@Vector2@@UBEMPBM0@Z   100020d0 f helicopter.cpp.obj
 0001:000010f0       ?Dot@Vector2@@UBEMABV1@0@Z 100020f0 f helicopter.cpp.obj
 0001:00001110       ?Dot@Vector2@@UBEMPBMABV1@@Z 10002110 f helicopter.cpp.obj
 0001:00001130       ?Dot@Vector2@@UBEMABV1@PBM@Z 10002130 f helicopter.cpp.obj
 0001:00001150       ?LenSquared@Vector2@@UBEMXZ 10002150 f helicopter.cpp.obj
 0001:00001160       ?Unitize@Vector2@@UAEHXZ   10002160 f helicopter.cpp.obj
 0001:000011c0       ??YVector2@@UAEXM@Z        100021c0 f helicopter.cpp.obj
 0001:000011d0       ??YVector2@@UAEXPBM@Z      100021d0 f helicopter.cpp.obj
 0001:000011e0       ??YVector2@@UAEXABV0@@Z    100021e0 f helicopter.cpp.obj
 0001:000011f0       ??ZVector2@@UAEXPBM@Z      100021f0 f helicopter.cpp.obj
 0001:00001200       ??ZVector2@@UAEXABV0@@Z    10002200 f helicopter.cpp.obj
 0001:00001210       ??XVector2@@UAEXPBM@Z      10002210 f helicopter.cpp.obj
 0001:00001220       ??XVector2@@UAEXABV0@@Z    10002220 f helicopter.cpp.obj
 0001:00001230       ??XVector2@@UAEXABM@Z      10002230 f helicopter.cpp.obj
 0001:00001240       ??_0Vector2@@UAEXABM@Z     10002240 f helicopter.cpp.obj
 0001:00001250       ??4Vector2@@UAEXPBM@Z      10002250 f helicopter.cpp.obj
 0001:00001260       ??4Vector2@@UAEXABV0@@Z    10002260 f helicopter.cpp.obj
 0001:00001270       ?EqualsCrossImpl@Vector3@@MAEXPBM0@Z 10002270 f helicopter.cpp.obj
 0001:000012c0       ?EqualsCross@Vector3@@UAEXABV1@0@Z 100022c0 f helicopter.cpp.obj
 0001:000012e0       ?EqualsCross@Vector3@@UAEXABV1@PBM@Z 100022e0 f helicopter.cpp.obj
 0001:00001300       ?EqualsCross@Vector3@@UAEXPBMABV1@@Z 10002300 f helicopter.cpp.obj
 0001:00001320       ?CopyFrom@Matrix4@@UAEXPAY03M@Z 10002320 f helicopter.cpp.obj
 0001:00001340       ?CopyFrom@Matrix4@@UAEXABV1@@Z 10002340 f helicopter.cpp.obj
 0001:00001360       ?SetData@Matrix4@@UAEXPAY03M@Z 10002360 f helicopter.cpp.obj
 0001:00001370       ?SetData@Matrix4@@UAEXAAUUnknownMatrixType@@@Z 10002370 f helicopter.cpp.obj
 0001:00001380       ?GetData@Matrix4@@UAEPAY03MXZ 10002380 f helicopter.cpp.obj
 0001:00001390       ?GetData@Matrix4@@UBEPAY03MXZ 10002390 f helicopter.cpp.obj
 0001:000013a0       ?Element@Matrix4@@UAEPAMHH@Z 100023a0 f helicopter.cpp.obj
 0001:000013c0       ?Element@Matrix4@@UBEPBMHH@Z 100023c0 f helicopter.cpp.obj
 0001:000013e0       ?Clear@Matrix4@@UAEXXZ     100023e0 f helicopter.cpp.obj
 0001:000013f0       ?SetIdentity@Matrix4@@UAEXXZ 100023f0 f helicopter.cpp.obj
 0001:00001420       ??4Matrix4@@UAEXABV0@@Z    10002420 f helicopter.cpp.obj
 0001:00001430       ??YMatrix4@@UAEAAV0@PAY03M@Z 10002430 f helicopter.cpp.obj
 0001:00001460       ?TranslateBy@Matrix4@@UAEXABM00@Z 10002460 f helicopter.cpp.obj
 0001:000014a0       ?SetTranslation@Matrix4@@UAEXABM00@Z 100024a0 f helicopter.cpp.obj
 0001:000014d0       ?Product@Matrix4@@UAEXPAY03M0@Z 100024d0 f helicopter.cpp.obj
 0001:00001530       ?Product@Matrix4@@UAEXABV1@0@Z 10002530 f helicopter.cpp.obj
 0001:00001550       ?ToQuaternion@Matrix4@@UAEXAAVVector4@@@Z 10002550 f helicopter.cpp.obj
 0001:00001710       ?FromQuaternion@Matrix4@@UAEHABVVector4@@@Z 10002710 f helicopter.cpp.obj
 0001:00001850       ??4MxMatrix@@UAEXABVMatrix4@@@Z 10002850 f helicopter.cpp.obj
 0001:00001860       ??4MxMatrix@@UAEXABV0@@Z   10002860 f helicopter.cpp.obj
 0001:00001870       ?AddImpl@Vector4@@MAEXPBM@Z 10002870 f helicopter.cpp.obj
 0001:000018b0       ?AddImpl@Vector4@@MAEXM@Z  100028b0 f helicopter.cpp.obj
 0001:000018f0       ?SubImpl@Vector4@@MAEXPBM@Z 100028f0 f helicopter.cpp.obj
 0001:00001930       ?MulImpl@Vector4@@MAEXPBM@Z 10002930 f helicopter.cpp.obj
 0001:00001970       ?MulImpl@Vector4@@MAEXABM@Z 10002970 f helicopter.cpp.obj
 0001:000019b0       ?DivImpl@Vector4@@MAEXABM@Z 100029b0 f helicopter.cpp.obj
 0001:000019f0       ?DotImpl@Vector4@@MBEMPBM0@Z 100029f0 f helicopter.cpp.obj
 0001:00001a20       ?EqualsImpl@Vector4@@MAEXPBM@Z 10002a20 f helicopter.cpp.obj
 0001:00001a40       ?SetMatrixProduct@Vector4@@UAEXPBM0@Z 10002a40 f helicopter.cpp.obj
 0001:00001ae0       ?SetMatrixProduct@Vector4@@UAEXABV1@PBM@Z 10002ae0 f helicopter.cpp.obj
 0001:00001b00       ?Clear@Vector4@@UAEXXZ     10002b00 f helicopter.cpp.obj
 0001:00001b20       ?LenSquared@Vector4@@UBEMXZ 10002b20 f helicopter.cpp.obj
 0001:00001b40       ?Fill@Vector4@@UAEXABM@Z   10002b40 f helicopter.cpp.obj
 0001:00001b70       ?NormalizeQuaternion@Vector4@@UAEHXZ 10002b70 f helicopter.cpp.obj
 0001:00001bf0       ?EqualsHamiltonProduct@Vector4@@UAEHABV1@0@Z 10002bf0 f helicopter.cpp.obj
 0001:00001cc0       ?GetSoundFrequencyFactor@LegoActor@@UAEMXZ 10002cc0 f helicopter.cpp.obj
 0001:00001cd0       ?SetSoundFrequencyFactor@LegoActor@@UAEXM@Z 10002cd0 f helicopter.cpp.obj
 0001:00001ce0       ?SetLastPathStruct@LegoActor@@UAEXM@Z 10002ce0 f helicopter.cpp.obj
 0001:00001cf0       ?GetLastPathStruct@LegoActor@@UAEMXZ 10002cf0 f helicopter.cpp.obj
 0001:00001d00       ?GetActorId@LegoActor@@UAEEXZ 10002d00 f helicopter.cpp.obj
 0001:00001d10       ?SetActorId@LegoActor@@UAEXE@Z 10002d10 f helicopter.cpp.obj
 0001:00001d20       ?SetUserNavFlag@LegoPathActor@@UAEXE@Z 10002d20 f helicopter.cpp.obj
 0001:00001d30       ?GetUserNavFlag@LegoPathActor@@UAEEXZ 10002d30 f helicopter.cpp.obj
 0001:00001d40       ?StepState@LegoPathActor@@UAEIMAAVMatrix4@@@Z 10002d40 f helicopter.cpp.obj
 0001:00001d50       ?HitActor@LegoPathActor@@UAEJPAV1@E@Z 10002d50 f helicopter.cpp.obj
 0001:00001d60       ?NextTargetLocation@LegoPathActor@@UAEHXZ 10002d60 f helicopter.cpp.obj
 0001:00001d70       ?SetMaxLinearVel@LegoPathActor@@UAEXM@Z 10002d70 f helicopter.cpp.obj
 0001:00001d80       ?GetMaxLinearVel@LegoPathActor@@UAEMXZ 10002d80 f helicopter.cpp.obj
 0001:00001d90       ?GetWallHitDirectionFactor@LegoPathActor@@UAEMXZ 10002d90 f helicopter.cpp.obj
 0001:00001da0       ?GetWallHitDampening@LegoPathActor@@UAEMXZ 10002da0 f helicopter.cpp.obj
 0001:00001db0       ?SetWallHitDirectionFactor@LegoPathActor@@UAEXM@Z 10002db0 f helicopter.cpp.obj
 0001:00001dc0       ?SetWallHitDampening@LegoPathActor@@UAEXM@Z 10002dc0 f helicopter.cpp.obj
 0001:00001dd0       ?VTable0xc4@LegoPathActor@@UAEXXZ 10002dd0 f helicopter.cpp.obj
 0001:00001de0       ?SetCanRotate@LegoPathActor@@UAEXE@Z 10002de0 f helicopter.cpp.obj
 0001:00001df0       ?HandleNotification0@IslePathActor@@UAEJXZ 10002df0 f helicopter.cpp.obj
 0001:00001e00       ?HandlePathStruct@IslePathActor@@UAEJAAVLegoPathStructNotificationParam@@@Z 10002e00 f helicopter.cpp.obj
 0001:00001e10       ??1IslePathActor@@UAE@XZ   10002e10 f helicopter.cpp.obj
 0001:00001e70       ?HandleClick@IslePathActor@@UAEJXZ 10002e70 f helicopter.cpp.obj
 0001:00001e80       ?HandleControl@IslePathActor@@UAEJAAVLegoControlManagerNotificationParam@@@Z 10002e80 f helicopter.cpp.obj
 0001:00001e90       ?HandleEndAnim@IslePathActor@@UAEJAAVLegoEndAnimNotificationParam@@@Z 10002e90 f helicopter.cpp.obj
 0001:00001ea0       ?ClassName@IslePathActor@@UBEPBDXZ 10002ea0 f helicopter.cpp.obj
 0001:00001eb0       ?IsA@IslePathActor@@UBEEPBD@Z 10002eb0 f helicopter.cpp.obj
 0001:00001ff0       ??_GIslePathActor@@UAEPAXI@Z 10002ff0 f helicopter.cpp.obj
 0001:00001ff0       ??_EIslePathActor@@UAEPAXI@Z 10002ff0 f helicopter.cpp.obj
 0001:00002070       ?ClassName@Helicopter@@UBEPBDXZ 10003070 f helicopter.cpp.obj
 0001:00002080       ?IsA@Helicopter@@UBEEPBD@Z 10003080 f helicopter.cpp.obj
 0001:00002200       ??4Mx4DPointFloat@@UAEXABVVector4@@@Z 10003200 f helicopter.cpp.obj
 0001:00002210       ??_EHelicopter@@UAEPAXI@Z  10003210 f helicopter.cpp.obj
 0001:00002210       ??_GHelicopter@@UAEPAXI@Z  10003210 f helicopter.cpp.obj
 0001:00002230       ??1Helicopter@@UAE@XZ      10003230 f helicopter.cpp.obj
 0001:000022c0       ?Create@Helicopter@@UAEJAAVMxDSAction@@@Z 100032c0 f helicopter.cpp.obj
 0001:00002320       ?CreateState@Helicopter@@QAEXXZ 10003320 f helicopter.cpp.obj
 0001:00002360       ?Exit@Helicopter@@UAEXXZ   10003360 f helicopter.cpp.obj
 0001:00002480       ?HandleClick@Helicopter@@UAEJXZ 10003480 f helicopter.cpp.obj
 0001:000025e0       ?HandleControl@Helicopter@@UAEJAAVLegoControlManagerNotificationParam@@@Z 100035e0 f helicopter.cpp.obj
 0001:00002a60       ?AddImpl@Vector3@@MAEXPBM@Z 10003a60 f helicopter.cpp.obj
 0001:00002a90       ?AddImpl@Vector3@@MAEXM@Z  10003a90 f helicopter.cpp.obj
 0001:00002ac0       ?SubImpl@Vector3@@MAEXPBM@Z 10003ac0 f helicopter.cpp.obj
 0001:00002af0       ?MulImpl@Vector3@@MAEXPBM@Z 10003af0 f helicopter.cpp.obj
 0001:00002b20       ?MulImpl@Vector3@@MAEXABM@Z 10003b20 f helicopter.cpp.obj
 0001:00002b50       ?DivImpl@Vector3@@MAEXABM@Z 10003b50 f helicopter.cpp.obj
 0001:00002b80       ?DotImpl@Vector3@@MBEMPBM0@Z 10003b80 f helicopter.cpp.obj
 0001:00002ba0       ?EqualsImpl@Vector3@@MAEXPBM@Z 10003ba0 f helicopter.cpp.obj
 0001:00002bc0       ?Clear@Vector3@@UAEXXZ     10003bc0 f helicopter.cpp.obj
 0001:00002bd0       ?LenSquared@Vector3@@UBEMXZ 10003bd0 f helicopter.cpp.obj
 0001:00002bf0       ?Fill@Vector3@@UAEXABM@Z   10003bf0 f helicopter.cpp.obj
 0001:00002c10       ??4Mx3DPointFloat@@UAEXABVVector3@@@Z 10003c10 f helicopter.cpp.obj
 0001:00002c20       ?HandleEndAnim@Helicopter@@UAEJAAVLegoEndAnimNotificationParam@@@Z 10003c20 f helicopter.cpp.obj
 0001:00002e90       ?ApplyTransform@Helicopter@@UAEXAAVMatrix4@@@Z 10003e90 f helicopter.cpp.obj
 0001:00002ee0       ?Animate@Helicopter@@UAEXM@Z 10003ee0 f helicopter.cpp.obj
 0001:000030a0       ?Interpolate@MxQuaternionTransformer@@AAEHAAVVector4@@M@Z 100040a0 f helicopter.cpp.obj
 0001:000032a0       ?FUN_100042a0@Helicopter@@IAEXABVMatrix4@@@Z 100042a0 f helicopter.cpp.obj
 0001:00003500       ??0Matrix4@@QAE@PAY03M@Z   10004500 f helicopter.cpp.obj
 0001:00003520       ?NormalizeDirection@MxQuaternionTransformer@@QAEJXZ 10004520 f helicopter.cpp.obj
 0001:00003620       ?SetEnd@MxQuaternionTransformer@@QAEXAAVMatrix4@@@Z 10004620 f helicopter.cpp.obj
 0001:00003640       ?FUN_10004640@Helicopter@@QAEXABVMatrix4@@@Z 10004640 f helicopter.cpp.obj
 0001:00003670       ?FUN_10004670@Helicopter@@QAEXABVMatrix4@@@Z 10004670 f helicopter.cpp.obj
 0001:000036a0       ??0GasStation@@QAE@XZ      100046a0 f gasstation.cpp.obj
 0001:00003770       ?WaitForTransition@GasStation@@UAEEXZ 10004770 f gasstation.cpp.obj
 0001:00003780       ?ClassName@GasStation@@UBEPBDXZ 10004780 f gasstation.cpp.obj
 0001:00003790       ?IsA@GasStation@@UBEEPBD@Z 10004790 f gasstation.cpp.obj
 0001:000038a0       ??_EGasStation@@UAEPAXI@Z  100048a0 f gasstation.cpp.obj
 0001:000038a0       ??_GGasStation@@UAEPAXI@Z  100048a0 f gasstation.cpp.obj
 0001:000038c0       ??1GasStation@@UAE@XZ      100048c0 f gasstation.cpp.obj
 0001:00003990       ?Create@GasStation@@UAEJAAVMxDSAction@@@Z 10004990 f gasstation.cpp.obj
 0001:00003a60       ?Notify@GasStation@@UAEJAAVMxParam@@@Z 10004a60 f gasstation.cpp.obj
 0001:00003b30       ?ReadyWorld@GasStation@@UAEXXZ 10004b30 f gasstation.cpp.obj
 0001:00004530       ?SetAtomId@MxDSObject@@UAEXVMxAtomId@@@Z 10005530 f gasstation.cpp.obj
 0001:00004590       ?PlayAction@GasStation@@AAEXW4Script@GarageScript@@@Z 10005590 f gasstation.cpp.obj
 0001:00004660       ?HandleEndAction@GasStation@@AAEJAAVMxEndActionNotificationParam@@@Z 10005660 f gasstation.cpp.obj
 0001:00004920       ?HandleKeyPress@GasStation@@AAEJC@Z 10005920 f gasstation.cpp.obj
 0001:00004960       ?HandleButtonDown@GasStation@@AAEJAAVLegoControlManagerNotificationParam@@@Z 10005960 f gasstation.cpp.obj
 0001:00004b20       ?HandleControl@GasStation@@UAEJAAVLegoControlManagerNotificationParam@@@Z 10005b20 f gasstation.cpp.obj
 0001:00004c40       ?Enable@GasStation@@UAEXE@Z 10005c40 f gasstation.cpp.obj
 0001:00004c90       ?Tickle@GasStation@@UAEJXZ 10005c90 f gasstation.cpp.obj
 0001:00004e70       ?Escape@GasStation@@UAEEXZ 10005e70 f gasstation.cpp.obj
 0001:00004eb0       ??0GasStationState@@QAE@XZ 10005eb0 f gasstation.cpp.obj
 0001:00004f40       ??1LegoState@@UAE@XZ       10005f40 f gasstation.cpp.obj
 0001:00004f90       ?IsSerializable@LegoState@@UAEEXZ 10005f90 f gasstation.cpp.obj
 0001:00004fa0       ?Reset@LegoState@@UAEEXZ   10005fa0 f gasstation.cpp.obj
 0001:00004fb0       ?Serialize@LegoState@@UAEJPAVLegoStorage@@@Z 10005fb0 f gasstation.cpp.obj
 0001:00005030       ?WriteMxString@LegoStorage@@QAEPAV1@VMxString@@@Z 10006030 f gasstation.cpp.obj
 0001:000050d0       ?ClassName@LegoState@@UBEPBDXZ 100060d0 f gasstation.cpp.obj
 0001:000050e0       ?IsA@LegoState@@UBEEPBD@Z  100060e0 f gasstation.cpp.obj
 0001:00005160       ??_ELegoState@@UAEPAXI@Z   10006160 f gasstation.cpp.obj
 0001:00005160       ??_GLegoState@@UAEPAXI@Z   10006160 f gasstation.cpp.obj
 0001:000051d0       ?ClassName@GasStationState@@UBEPBDXZ 100061d0 f gasstation.cpp.obj
 0001:000051e0       ?IsA@GasStationState@@UBEEPBD@Z 100061e0 f gasstation.cpp.obj
 0001:00005290       ??_EGasStationState@@UAEPAXI@Z 10006290 f gasstation.cpp.obj
 0001:00005290       ??_GGasStationState@@UAEPAXI@Z 10006290 f gasstation.cpp.obj
 0001:00005300       ?Serialize@GasStationState@@UAEJPAVLegoStorage@@@Z 10006300 f gasstation.cpp.obj
 0001:00005430       ?PlayAction@GasStationState@@QAEXW4Script@GarageScript@@@Z 10006430 f gasstation.cpp.obj
 0001:00005460       ?StopAction@GasStationState@@QAEXW4Script@GarageScript@@@Z 10006460 f gasstation.cpp.obj
 0001:00005490       ?StopActions@GasStationState@@QAEXXZ 10006490 f gasstation.cpp.obj
 0001:000054d0       ??0LegoCacheSound@@QAE@XZ  100064d0 f legocachsound.cpp.obj
 0001:00005580       ?ClassName@LegoCacheSound@@UBEPBDXZ 10006580 f legocachsound.cpp.obj
 0001:00005590       ?IsA@LegoCacheSound@@UBEEPBD@Z 10006590 f legocachsound.cpp.obj
 0001:00005610       ??_GLegoCacheSound@@UAEPAXI@Z 10006610 f legocachsound.cpp.obj
 0001:00005610       ??_ELegoCacheSound@@UAEPAXI@Z 10006610 f legocachsound.cpp.obj
 0001:00005630       ??1LegoCacheSound@@UAE@XZ  10006630 f legocachsound.cpp.obj
 0001:000056d0       ?Init@LegoCacheSound@@AAEXXZ 100066d0 f legocachsound.cpp.obj
 0001:00005710       ?Create@LegoCacheSound@@UAEJPAUpcmwaveformat_tag@@VMxString@@HPAEI@Z 10006710 f legocachsound.cpp.obj
 0001:000058e0       ?CopyData@LegoCacheSound@@AAEXPAEI@Z 100068e0 f legocachsound.cpp.obj
 0001:00005920       ?Destroy@LegoCacheSound@@UAEXXZ 10006920 f legocachsound.cpp.obj
 0001:00005960       ?Clone@LegoCacheSound@@QAEPAV1@XZ 10006960 f legocachsound.cpp.obj
 0001:00005a30       ?Play@LegoCacheSound@@QAEJPBDE@Z 10006a30 f legocachsound.cpp.obj
 0001:00005b80       ?Stop@LegoCacheSound@@QAEXXZ 10006b80 f legocachsound.cpp.obj
 0001:00005be0       ?FUN_10006be0@LegoCacheSound@@QAEXXZ 10006be0 f legocachsound.cpp.obj
 0001:00005cb0       ?SetDistance@LegoCacheSound@@QAEXHH@Z 10006cb0 f legocachsound.cpp.obj
 0001:00005cd0       ?FUN_10006cd0@LegoCacheSound@@UAEXII@Z 10006cd0 f legocachsound.cpp.obj
 0001:00005ce0       ?MuteSilence@LegoCacheSound@@QAEXE@Z 10006ce0 f legocachsound.cpp.obj
 0001:00005d40       ?MuteStop@LegoCacheSound@@QAEXE@Z 10006d40 f legocachsound.cpp.obj
 0001:00005d80       ?GetBaseFilename@LegoCacheSound@@AAE?AVMxString@@AAV2@@Z 10006d80 f legocachsound.cpp.obj
 0001:00005e40       ??0LegoObjectFactory@@QAE@XZ 10006e40 f legoobjectfactory.cpp.obj
 0001:00007f70       ?ClassName@MxObjectFactory@@UBEPBDXZ 10008f70 f legoobjectfactory.cpp.obj
 0001:00007f80       ?IsA@MxObjectFactory@@UBEEPBD@Z 10008f80 f legoobjectfactory.cpp.obj
 0001:00008000       ??_ELegoObjectFactory@@UAEPAXI@Z 10009000 f legoobjectfactory.cpp.obj
 0001:00008000       ??_GLegoObjectFactory@@UAEPAXI@Z 10009000 f legoobjectfactory.cpp.obj
 0001:00008020       ??1MxObjectFactory@@UAE@XZ 10009020 f legoobjectfactory.cpp.obj
 0001:00008170       ??1LegoObjectFactory@@UAE@XZ 10009170 f legoobjectfactory.cpp.obj
 0001:00008a90       ?Create@LegoObjectFactory@@UAEPAVMxCore@@PBD@Z 10009a90 f legoobjectfactory.cpp.obj
 0001:0000ae30       ?VTable0x14@MxPresenter@@UAEXXZ 1000be30 f legoobjectfactory.cpp.obj
 0001:0000ae40       ?ReadyTickle@MxPresenter@@UAEXXZ 1000be40 f legoobjectfactory.cpp.obj
 0001:0000ae60       ?StartingTickle@MxPresenter@@UAEXXZ 1000be60 f legoobjectfactory.cpp.obj
 0001:0000ae80       ?StreamingTickle@MxPresenter@@UAEXXZ 1000be80 f legoobjectfactory.cpp.obj
 0001:0000aea0       ?RepeatingTickle@MxPresenter@@UAEXXZ 1000bea0 f legoobjectfactory.cpp.obj
 0001:0000aec0       ?FreezingTickle@MxPresenter@@UAEXXZ 1000bec0 f legoobjectfactory.cpp.obj
 0001:0000aee0       ?DoneTickle@MxPresenter@@MAEXXZ 1000bee0 f legoobjectfactory.cpp.obj
 0001:0000af00       ??1MxPresenter@@UAE@XZ     1000bf00 f legoobjectfactory.cpp.obj
 0001:0000af70       ?AddToManager@MxPresenter@@UAEJXZ 1000bf70 f legoobjectfactory.cpp.obj
 0001:0000af80       ?Destroy@MxPresenter@@UAEXXZ 1000bf80 f legoobjectfactory.cpp.obj
 0001:0000af90       ?SetTickleState@MxPresenter@@UAEXW4TickleState@1@@Z 1000bf90 f legoobjectfactory.cpp.obj
 0001:0000afb0       ?HasTickleStatePassed@MxPresenter@@UAEEW4TickleState@1@@Z 1000bfb0 f legoobjectfactory.cpp.obj
 0001:0000afc0       ?PutData@MxPresenter@@UAEJXZ 1000bfc0 f legoobjectfactory.cpp.obj
 0001:0000afd0       ?IsHit@MxPresenter@@UAEEHH@Z 1000bfd0 f legoobjectfactory.cpp.obj
 0001:0000afe0       ?ClassName@MxPresenter@@UBEPBDXZ 1000bfe0 f legoobjectfactory.cpp.obj
 0001:0000aff0       ?IsA@MxPresenter@@UBEEPBD@Z 1000bff0 f legoobjectfactory.cpp.obj
 0001:0000b070       ??_GMxPresenter@@UAEPAXI@Z 1000c070 f legoobjectfactory.cpp.obj
 0001:0000b070       ??_EMxPresenter@@UAEPAXI@Z 1000c070 f legoobjectfactory.cpp.obj
 0001:0000b0f0       ??0Vector2@@QAE@PAM@Z      1000c0f0 f legoobjectfactory.cpp.obj
 0001:0000b110       ??1MxEntity@@UAE@XZ        1000c110 f legoobjectfactory.cpp.obj
 0001:0000b180       ?ClassName@MxEntity@@UBEPBDXZ 1000c180 f legoobjectfactory.cpp.obj
 0001:0000b190       ?IsA@MxEntity@@UBEEPBD@Z   1000c190 f legoobjectfactory.cpp.obj
 0001:0000b210       ??_EMxEntity@@UAEPAXI@Z    1000c210 f legoobjectfactory.cpp.obj
 0001:0000b210       ??_GMxEntity@@UAEPAXI@Z    1000c210 f legoobjectfactory.cpp.obj
 0001:0000b290       ??1LegoEntity@@UAE@XZ      1000c290 f legoobjectfactory.cpp.obj
 0001:0000b2f0       ?ClassName@LegoEntity@@UBEPBDXZ 1000c2f0 f legoobjectfactory.cpp.obj
 0001:0000b300       ?IsA@LegoEntity@@UBEEPBD@Z 1000c300 f legoobjectfactory.cpp.obj
 0001:0000b3b0       ??_ELegoEntity@@UAEPAXI@Z  1000c3b0 f legoobjectfactory.cpp.obj
 0001:0000b3b0       ??_GLegoEntity@@UAEPAXI@Z  1000c3b0 f legoobjectfactory.cpp.obj
 0001:0000b430       ?ClassName@LegoPathActor@@UBEPBDXZ 1000c430 f legoobjectfactory.cpp.obj
 0001:0000b440       ?IsA@LegoPathActor@@UBEEPBD@Z 1000c440 f legoobjectfactory.cpp.obj
 0001:0000b550       ??1MxMediaPresenter@@UAE@XZ 1000c550 f legoobjectfactory.cpp.obj
 0001:0000b5b0       ?Destroy@MxMediaPresenter@@UAEXXZ 1000c5b0 f legoobjectfactory.cpp.obj
 0001:0000b5c0       ?ClassName@MxMediaPresenter@@UBEPBDXZ 1000c5c0 f legoobjectfactory.cpp.obj
 0001:0000b5d0       ?IsA@MxMediaPresenter@@UBEEPBD@Z 1000c5d0 f legoobjectfactory.cpp.obj
 0001:0000b680       ??_GMxMediaPresenter@@UAEPAXI@Z 1000c680 f legoobjectfactory.cpp.obj
 0001:0000b680       ??_EMxMediaPresenter@@UAEPAXI@Z 1000c680 f legoobjectfactory.cpp.obj
 0001:0000b700       ?LoadHeader@MxVideoPresenter@@UAEXPAVMxStreamChunk@@@Z 1000c700 f legoobjectfactory.cpp.obj
 0001:0000b710       ?CreateBitmap@MxVideoPresenter@@UAEXXZ 1000c710 f legoobjectfactory.cpp.obj
 0001:0000b720       ?LoadFrame@MxVideoPresenter@@UAEXPAVMxStreamChunk@@@Z 1000c720 f legoobjectfactory.cpp.obj
 0001:0000b730       ?RealizePalette@MxVideoPresenter@@UAEXXZ 1000c730 f legoobjectfactory.cpp.obj
 0001:0000b740       ??1MxVideoPresenter@@UAE@XZ 1000c740 f legoobjectfactory.cpp.obj
 0001:0000b7a0       ?Destroy@MxVideoPresenter@@UAEXXZ 1000c7a0 f legoobjectfactory.cpp.obj
 0001:0000b7b0       ?GetSurface@MxVideoPresenter@@UAEPAUIDirectDrawSurface@@XZ 1000c7b0 f legoobjectfactory.cpp.obj
 0001:0000b7c0       ?HasFrameBitmapOrAlpha@MxVideoPresenter@@UAEEXZ 1000c7c0 f legoobjectfactory.cpp.obj
 0001:0000b7e0       ?GetWidth@MxVideoPresenter@@UAEHXZ 1000c7e0 f legoobjectfactory.cpp.obj
 0001:0000b800       ?GetHeight@MxVideoPresenter@@UAEHXZ 1000c800 f legoobjectfactory.cpp.obj
 0001:0000b820       ?ClassName@MxVideoPresenter@@UBEPBDXZ 1000c820 f legoobjectfactory.cpp.obj
 0001:0000b830       ?IsA@MxVideoPresenter@@UBEEPBD@Z 1000c830 f legoobjectfactory.cpp.obj
 0001:0000b910       ??_GMxVideoPresenter@@UAEPAXI@Z 1000c910 f legoobjectfactory.cpp.obj
 0001:0000b910       ??_EMxVideoPresenter@@UAEPAXI@Z 1000c910 f legoobjectfactory.cpp.obj
 0001:0000b990       ?GetROIMap@LegoAnimPresenter@@UAEPAPAVLegoROI@@AAI@Z 1000c990 f legoobjectfactory.cpp.obj
 0001:0000b9a0       ?ClassName@LegoLoopingAnimPresenter@@UBEPBDXZ 1000c9a0 f legoobjectfactory.cpp.obj
 0001:0000b9b0       ?IsA@LegoLoopingAnimPresenter@@UBEEPBD@Z 1000c9b0 f legoobjectfactory.cpp.obj
 0001:0000baf0       ?GetActionEnded@MxCompositePresenter@@UAEEI@Z 1000caf0 f legoobjectfactory.cpp.obj
 0001:0000bb10       ?ClassName@LegoActorPresenter@@UBEPBDXZ 1000cb10 f legoobjectfactory.cpp.obj
 0001:0000bb20       ?IsA@LegoActorPresenter@@UBEEPBD@Z 1000cb20 f legoobjectfactory.cpp.obj
 0001:0000bc30       ??_ELegoActorPresenter@@UAEPAXI@Z 1000cc30 f legoobjectfactory.cpp.obj
 0001:0000bc30       ??_GLegoActorPresenter@@UAEPAXI@Z 1000cc30 f legoobjectfactory.cpp.obj
 0001:0000bca0       ?Destroy@LegoModelPresenter@@UAEXXZ 1000cca0 f legoobjectfactory.cpp.obj
 0001:0000bcb0       ?ClassName@LegoModelPresenter@@UBEPBDXZ 1000ccb0 f legoobjectfactory.cpp.obj
 0001:0000bcc0       ?IsA@LegoModelPresenter@@UBEEPBD@Z 1000ccc0 f legoobjectfactory.cpp.obj
 0001:0000bdd0       ??_GLegoModelPresenter@@UAEPAXI@Z 1000cdd0 f legoobjectfactory.cpp.obj
 0001:0000bdd0       ??_ELegoModelPresenter@@UAEPAXI@Z 1000cdd0 f legoobjectfactory.cpp.obj
 0001:0000be50       ?ClassName@LegoTexturePresenter@@UBEPBDXZ 1000ce50 f legoobjectfactory.cpp.obj
 0001:0000be60       ?IsA@LegoTexturePresenter@@UBEEPBD@Z 1000ce60 f legoobjectfactory.cpp.obj
 0001:0000bf40       ??_GLegoTexturePresenter@@UAEPAXI@Z 1000cf40 f legoobjectfactory.cpp.obj
 0001:0000bf40       ??_ELegoTexturePresenter@@UAEPAXI@Z 1000cf40 f legoobjectfactory.cpp.obj
 0001:0000bf60       ?Destroy@LegoPartPresenter@@UAEXXZ 1000cf60 f legoobjectfactory.cpp.obj
 0001:0000bf70       ?ClassName@LegoPartPresenter@@UBEPBDXZ 1000cf70 f legoobjectfactory.cpp.obj
 0001:0000bf80       ?IsA@LegoPartPresenter@@UBEEPBD@Z 1000cf80 f legoobjectfactory.cpp.obj
 0001:0000c060       ??_ELegoPartPresenter@@UAEPAXI@Z 1000d060 f legoobjectfactory.cpp.obj
 0001:0000c060       ??_GLegoPartPresenter@@UAEPAXI@Z 1000d060 f legoobjectfactory.cpp.obj
 0001:0000c0e0       ?ClassName@LegoActionControlPresenter@@UBEPBDXZ 1000d0e0 f legoobjectfactory.cpp.obj
 0001:0000c0f0       ?IsA@LegoActionControlPresenter@@UBEEPBD@Z 1000d0f0 f legoobjectfactory.cpp.obj
 0001:0000c1d0       ??_ELegoActionControlPresenter@@UAEPAXI@Z 1000d1d0 f legoobjectfactory.cpp.obj
 0001:0000c1d0       ??_GLegoActionControlPresenter@@UAEPAXI@Z 1000d1d0 f legoobjectfactory.cpp.obj
 0001:0000c260       ?GetVolume@MxAudioPresenter@@UAEHXZ 1000d260 f legoobjectfactory.cpp.obj
 0001:0000c270       ?SetVolume@MxAudioPresenter@@UAEXH@Z 1000d270 f legoobjectfactory.cpp.obj
 0001:0000c280       ?ClassName@MxAudioPresenter@@UBEPBDXZ 1000d280 f legoobjectfactory.cpp.obj
 0001:0000c290       ?IsA@MxAudioPresenter@@UBEEPBD@Z 1000d290 f legoobjectfactory.cpp.obj
 0001:0000c370       ??_GMxAudioPresenter@@UAEPAXI@Z 1000d370 f legoobjectfactory.cpp.obj
 0001:0000c370       ??_EMxAudioPresenter@@UAEPAXI@Z 1000d370 f legoobjectfactory.cpp.obj
 0001:0000c3e0       ??1MxAudioPresenter@@UAE@XZ 1000d3e0 f legoobjectfactory.cpp.obj
 0001:0000c430       ??1MxSoundPresenter@@UAE@XZ 1000d430 f legoobjectfactory.cpp.obj
 0001:0000c490       ?Destroy@MxSoundPresenter@@UAEXXZ 1000d490 f legoobjectfactory.cpp.obj
 0001:0000c4a0       ?ClassName@MxSoundPresenter@@UBEPBDXZ 1000d4a0 f legoobjectfactory.cpp.obj
 0001:0000c4b0       ?IsA@MxSoundPresenter@@UBEEPBD@Z 1000d4b0 f legoobjectfactory.cpp.obj
 0001:0000c5c0       ??_GMxSoundPresenter@@UAEPAXI@Z 1000d5c0 f legoobjectfactory.cpp.obj
 0001:0000c5c0       ??_EMxSoundPresenter@@UAEPAXI@Z 1000d5c0 f legoobjectfactory.cpp.obj
 0001:0000c640       ??1MxWavePresenter@@UAE@XZ 1000d640 f legoobjectfactory.cpp.obj
 0001:0000c6a0       ?Destroy@MxWavePresenter@@UAEXXZ 1000d6a0 f legoobjectfactory.cpp.obj
 0001:0000c6b0       ?IsPaused@MxWavePresenter@@UAEEXZ 1000d6b0 f legoobjectfactory.cpp.obj
 0001:0000c6c0       ?ClassName@MxWavePresenter@@UBEPBDXZ 1000d6c0 f legoobjectfactory.cpp.obj
 0001:0000c6d0       ?IsA@MxWavePresenter@@UBEEPBD@Z 1000d6d0 f legoobjectfactory.cpp.obj
 0001:0000c810       ??_EMxWavePresenter@@UAEPAXI@Z 1000d810 f legoobjectfactory.cpp.obj
 0001:0000c810       ??_GMxWavePresenter@@UAEPAXI@Z 1000d810 f legoobjectfactory.cpp.obj
 0001:0000c890       ?ClassName@Lego3DWavePresenter@@UBEPBDXZ 1000d890 f legoobjectfactory.cpp.obj
 0001:0000c8a0       ?IsA@Lego3DWavePresenter@@UBEEPBD@Z 1000d8a0 f legoobjectfactory.cpp.obj
 0001:0000ca20       ??1?$vector@PAULegoAnimActorStruct@@V?$allocator@PAULegoAnimActorStruct@@@@@@QAE@XZ 1000da20 f legoobjectfactory.cpp.obj
 0001:0000ca60       ??1?$Vector@PAULegoAnimActorStruct@@@@QAE@XZ 1000da60 f legoobjectfactory.cpp.obj
 0001:0000cab0       ?HandleType0Notification@LegoRace@@UAEJAAVMxNotificationParam@@@Z 1000dab0 f legoobjectfactory.cpp.obj
 0001:0000cac0       ?SetMapLocator@LegoRace@@UAEXPAVLegoRaceMap@@I@Z 1000dac0 f legoobjectfactory.cpp.obj
 0001:0000cae0       ?WaitForTransition@LegoRace@@UAEEXZ 1000dae0 f legoobjectfactory.cpp.obj
 0001:0000caf0       ?ClassName@JetskiRace@@UBEPBDXZ 1000daf0 f legoobjectfactory.cpp.obj
 0001:0000cb00       ?IsA@JetskiRace@@UBEEPBD@Z 1000db00 f legoobjectfactory.cpp.obj
 0001:0000cc40       ?ClassName@JetskiRaceState@@UBEPBDXZ 1000dc40 f legoobjectfactory.cpp.obj
 0001:0000cc50       ?IsA@JetskiRaceState@@UBEEPBD@Z 1000dc50 f legoobjectfactory.cpp.obj
 0001:0000cd30       ?ClassName@CarRaceState@@UBEPBDXZ 1000dd30 f legoobjectfactory.cpp.obj
 0001:0000cd40       ?IsA@CarRaceState@@UBEEPBD@Z 1000dd40 f legoobjectfactory.cpp.obj
 0001:0000ce20       ?IsSerializable@ScoreState@@UAEEXZ 1000de20 f legoobjectfactory.cpp.obj
 0001:0000ce30       ?Reset@ScoreState@@UAEEXZ  1000de30 f legoobjectfactory.cpp.obj
 0001:0000ce40       ?ClassName@ScoreState@@UBEPBDXZ 1000de40 f legoobjectfactory.cpp.obj
 0001:0000ce50       ?IsA@ScoreState@@UBEEPBD@Z 1000de50 f legoobjectfactory.cpp.obj
 0001:0000cf00       ??_EScoreState@@UAEPAXI@Z  1000df00 f legoobjectfactory.cpp.obj
 0001:0000cf00       ??_GScoreState@@UAEPAXI@Z  1000df00 f legoobjectfactory.cpp.obj
 0001:0000cf70       ?IsSerializable@LegoAct2State@@UAEEXZ 1000df70 f legoobjectfactory.cpp.obj
 0001:0000cf80       ?ClassName@LegoAct2State@@UBEPBDXZ 1000df80 f legoobjectfactory.cpp.obj
 0001:0000cf90       ?IsA@LegoAct2State@@UBEEPBD@Z 1000df90 f legoobjectfactory.cpp.obj
 0001:0000d040       ??_ELegoAct2State@@UAEPAXI@Z 1000e040 f legoobjectfactory.cpp.obj
 0001:0000d040       ??_GLegoAct2State@@UAEPAXI@Z 1000e040 f legoobjectfactory.cpp.obj
 0001:0000d0b0       ?IsSerializable@HelicopterState@@UAEEXZ 1000e0b0 f legoobjectfactory.cpp.obj
 0001:0000d0c0       ?Reset@HelicopterState@@UAEEXZ 1000e0c0 f legoobjectfactory.cpp.obj
 0001:0000d0d0       ?ClassName@HelicopterState@@UBEPBDXZ 1000e0d0 f legoobjectfactory.cpp.obj
 0001:0000d0e0       ?IsA@HelicopterState@@UBEEPBD@Z 1000e0e0 f legoobjectfactory.cpp.obj
 0001:0000d190       ??_GHelicopterState@@UAEPAXI@Z 1000e190 f legoobjectfactory.cpp.obj
 0001:0000d190       ??_EHelicopterState@@UAEPAXI@Z 1000e190 f legoobjectfactory.cpp.obj
 0001:0000d200       ?ClassName@Act2PoliceStation@@UBEPBDXZ 1000e200 f legoobjectfactory.cpp.obj
 0001:0000d210       ?IsA@Act2PoliceStation@@UBEEPBD@Z 1000e210 f legoobjectfactory.cpp.obj
 0001:0000d2f0       ?IsSerializable@Act3State@@UAEEXZ 1000e2f0 f legoobjectfactory.cpp.obj
 0001:0000d300       ?ClassName@Act3State@@UBEPBDXZ 1000e300 f legoobjectfactory.cpp.obj
 0001:0000d310       ?IsA@Act3State@@UBEEPBD@Z  1000e310 f legoobjectfactory.cpp.obj
 0001:0000d3c0       ??_GAct3State@@UAEPAXI@Z   1000e3c0 f legoobjectfactory.cpp.obj
 0001:0000d3c0       ??_EAct3State@@UAEPAXI@Z   1000e3c0 f legoobjectfactory.cpp.obj
 0001:0000d430       ?ClassName@Doors@@UBEPBDXZ 1000e430 f legoobjectfactory.cpp.obj
 0001:0000d440       ?IsA@Doors@@UBEEPBD@Z      1000e440 f legoobjectfactory.cpp.obj
 0001:0000d580       ??_EDoors@@UAEPAXI@Z       1000e580 f legoobjectfactory.cpp.obj
 0001:0000d580       ??_GDoors@@UAEPAXI@Z       1000e580 f legoobjectfactory.cpp.obj
 0001:0000d5f0       ?HandleClick@IsleActor@@UAEJXZ 1000e5f0 f legoobjectfactory.cpp.obj
 0001:0000d600       ?VTable0x6c@IsleActor@@UAEJXZ 1000e600 f legoobjectfactory.cpp.obj
 0001:0000d610       ?HandleEndAnim@IsleActor@@UAEJXZ 1000e610 f legoobjectfactory.cpp.obj
 0001:0000d620       ?HandleEndAction@IsleActor@@UAEJAAVMxEndActionNotificationParam@@@Z 1000e620 f legoobjectfactory.cpp.obj
 0001:0000d630       ?HandleButtonDown@IsleActor@@UAEJAAVLegoControlManagerNotificationParam@@@Z 1000e630 f legoobjectfactory.cpp.obj
 0001:0000d640       ?HandleButtonUp@IsleActor@@UAEJAAVLegoControlManagerNotificationParam@@@Z 1000e640 f legoobjectfactory.cpp.obj
 0001:0000d650       ?HandlePathStruct@IsleActor@@UAEJAAVLegoPathStructNotificationParam@@@Z 1000e650 f legoobjectfactory.cpp.obj
 0001:0000d660       ?ClassName@IsleActor@@UBEPBDXZ 1000e660 f legoobjectfactory.cpp.obj
 0001:0000d670       ?IsA@IsleActor@@UBEEPBD@Z  1000e670 f legoobjectfactory.cpp.obj
 0001:0000d780       ?ClassName@Pizzeria@@UBEPBDXZ 1000e780 f legoobjectfactory.cpp.obj
 0001:0000d790       ?IsA@Pizzeria@@UBEEPBD@Z   1000e790 f legoobjectfactory.cpp.obj
 0001:0000d8d0       ??_GPizzeria@@UAEPAXI@Z    1000e8d0 f legoobjectfactory.cpp.obj
 0001:0000d8d0       ??_EPizzeria@@UAEPAXI@Z    1000e8d0 f legoobjectfactory.cpp.obj
 0001:0000d940       ??1IsleActor@@UAE@XZ       1000e940 f legoobjectfactory.cpp.obj
 0001:0000d990       ??_GIsleActor@@UAEPAXI@Z   1000e990 f legoobjectfactory.cpp.obj
 0001:0000d990       ??_EIsleActor@@UAEPAXI@Z   1000e990 f legoobjectfactory.cpp.obj
 0001:0000da00       ?ClassName@InfoCenterEntity@@UBEPBDXZ 1000ea00 f legoobjectfactory.cpp.obj
 0001:0000da10       ?IsA@InfoCenterEntity@@UBEEPBD@Z 1000ea10 f legoobjectfactory.cpp.obj
 0001:0000db20       ?ClassName@GasStationEntity@@UBEPBDXZ 1000eb20 f legoobjectfactory.cpp.obj
 0001:0000db30       ?IsA@GasStationEntity@@UBEEPBD@Z 1000eb30 f legoobjectfactory.cpp.obj
 0001:0000dc40       ?ClassName@HospitalEntity@@UBEPBDXZ 1000ec40 f legoobjectfactory.cpp.obj
 0001:0000dc50       ?IsA@HospitalEntity@@UBEEPBD@Z 1000ec50 f legoobjectfactory.cpp.obj
 0001:0000dd60       ?ClassName@PoliceEntity@@UBEPBDXZ 1000ed60 f legoobjectfactory.cpp.obj
 0001:0000dd70       ?IsA@PoliceEntity@@UBEEPBD@Z 1000ed70 f legoobjectfactory.cpp.obj
 0001:0000de80       ?ClassName@BeachHouseEntity@@UBEPBDXZ 1000ee80 f legoobjectfactory.cpp.obj
 0001:0000de90       ?IsA@BeachHouseEntity@@UBEEPBD@Z 1000ee90 f legoobjectfactory.cpp.obj
 0001:0000dfa0       ?ClassName@RaceStandsEntity@@EBEPBDXZ 1000efa0 f legoobjectfactory.cpp.obj
 0001:0000dfb0       ?IsA@RaceStandsEntity@@EBEEPBD@Z 1000efb0 f legoobjectfactory.cpp.obj
 0001:0000e0c0       ?ClassName@JailEntity@@EBEPBDXZ 1000f0c0 f legoobjectfactory.cpp.obj
 0001:0000e0d0       ?IsA@JailEntity@@EBEEPBD@Z 1000f0d0 f legoobjectfactory.cpp.obj
 0001:0000e1e0       ?ClassName@CaveEntity@@EBEPBDXZ 1000f1e0 f legoobjectfactory.cpp.obj
 0001:0000e1f0       ?IsA@CaveEntity@@EBEEPBD@Z 1000f1f0 f legoobjectfactory.cpp.obj
 0001:0000e300       ?IsSerializable@JukeBoxState@@UAEEXZ 1000f300 f legoobjectfactory.cpp.obj
 0001:0000e310       ?ClassName@JukeBoxState@@UBEPBDXZ 1000f310 f legoobjectfactory.cpp.obj
 0001:0000e320       ?IsA@JukeBoxState@@UBEEPBD@Z 1000f320 f legoobjectfactory.cpp.obj
 0001:0000e3d0       ??_EJukeBoxState@@UAEPAXI@Z 1000f3d0 f legoobjectfactory.cpp.obj
 0001:0000e3d0       ??_GJukeBoxState@@UAEPAXI@Z 1000f3d0 f legoobjectfactory.cpp.obj
 0001:0000e440       ??_ELegoLoopingAnimPresenter@@UAEPAXI@Z 1000f440 f legoobjectfactory.cpp.obj
 0001:0000e440       ??_GLegoLoopingAnimPresenter@@UAEPAXI@Z 1000f440 f legoobjectfactory.cpp.obj
 0001:0000e4b0       ??_ELego3DWavePresenter@@UAEPAXI@Z 1000f4b0 f legoobjectfactory.cpp.obj
 0001:0000e4b0       ??_GLego3DWavePresenter@@UAEPAXI@Z 1000f4b0 f legoobjectfactory.cpp.obj
 0001:0000e530       ??_GJetskiRace@@UAEPAXI@Z  1000f530 f legoobjectfactory.cpp.obj
 0001:0000e530       ??_EJetskiRace@@UAEPAXI@Z  1000f530 f legoobjectfactory.cpp.obj
 0001:0000e5a0       ??_GAct2GenActor@@UAEPAXI@Z 1000f5a0 f legoobjectfactory.cpp.obj
 0001:0000e5a0       ??_EAct2GenActor@@UAEPAXI@Z 1000f5a0 f legoobjectfactory.cpp.obj
 0001:0000e610       ??_EAct2PoliceStation@@UAEPAXI@Z 1000f610 f legoobjectfactory.cpp.obj
 0001:0000e610       ??_GAct2PoliceStation@@UAEPAXI@Z 1000f610 f legoobjectfactory.cpp.obj
 0001:0000e680       ??_EJetskiRaceState@@UAEPAXI@Z 1000f680 f legoobjectfactory.cpp.obj
 0001:0000e680       ??_GJetskiRaceState@@UAEPAXI@Z 1000f680 f legoobjectfactory.cpp.obj
 0001:0000e6f0       ??1RaceState@@UAE@XZ       1000f6f0 f legoobjectfactory.cpp.obj
 0001:0000e740       ??_GCarRaceState@@UAEPAXI@Z 1000f740 f legoobjectfactory.cpp.obj
 0001:0000e740       ??_ECarRaceState@@UAEPAXI@Z 1000f740 f legoobjectfactory.cpp.obj
 0001:0000e7b0       ??_GInfoCenterEntity@@UAEPAXI@Z 1000f7b0 f legoobjectfactory.cpp.obj
 0001:0000e7b0       ??_EInfoCenterEntity@@UAEPAXI@Z 1000f7b0 f legoobjectfactory.cpp.obj
 0001:0000e820       ??_EHospitalEntity@@UAEPAXI@Z 1000f820 f legoobjectfactory.cpp.obj
 0001:0000e820       ??_GHospitalEntity@@UAEPAXI@Z 1000f820 f legoobjectfactory.cpp.obj
 0001:0000e890       ??_EGasStationEntity@@UAEPAXI@Z 1000f890 f legoobjectfactory.cpp.obj
 0001:0000e890       ??_GGasStationEntity@@UAEPAXI@Z 1000f890 f legoobjectfactory.cpp.obj
 0001:0000e900       ??_EPoliceEntity@@UAEPAXI@Z 1000f900 f legoobjectfactory.cpp.obj
 0001:0000e900       ??_GPoliceEntity@@UAEPAXI@Z 1000f900 f legoobjectfactory.cpp.obj
 0001:0000e970       ??_EBeachHouseEntity@@UAEPAXI@Z 1000f970 f legoobjectfactory.cpp.obj
 0001:0000e970       ??_GBeachHouseEntity@@UAEPAXI@Z 1000f970 f legoobjectfactory.cpp.obj
 0001:0000e9e0       ??_ERaceStandsEntity@@UAEPAXI@Z 1000f9e0 f legoobjectfactory.cpp.obj
 0001:0000e9e0       ??_GRaceStandsEntity@@UAEPAXI@Z 1000f9e0 f legoobjectfactory.cpp.obj
 0001:0000ea50       ??_GCaveEntity@@UAEPAXI@Z  1000fa50 f legoobjectfactory.cpp.obj
 0001:0000ea50       ??_ECaveEntity@@UAEPAXI@Z  1000fa50 f legoobjectfactory.cpp.obj
 0001:0000eac0       ??_GJailEntity@@UAEPAXI@Z  1000fac0 f legoobjectfactory.cpp.obj
 0001:0000eac0       ??_EJailEntity@@UAEPAXI@Z  1000fac0 f legoobjectfactory.cpp.obj
 0001:0000eb30       ?Destroy@LegoObjectFactory@@UAEXPAVMxCore@@@Z 1000fb30 f legoobjectfactory.cpp.obj
 0001:0000eb50       ??_ELegoAnimActor@@$4PPPPPPPM@A@AEPAXI@Z 1000fb50 f legoobjectfactory.cpp.obj
 0001:0000eb60       ??_ELegoAnimActor@@UAEPAXI@Z 1000fb60 f legoobjectfactory.cpp.obj
 0001:0000eb60       ??_GLegoAnimActor@@UAEPAXI@Z 1000fb60 f legoobjectfactory.cpp.obj
 0001:0000eb90       ?ClassName@LegoAnimActor@@$4PPPPPPPM@A@BEPBDXZ 1000fb90 f legoobjectfactory.cpp.obj
 0001:0000eba0       ?ClassName@LegoAnimActor@@UBEPBDXZ 1000fba0 f legoobjectfactory.cpp.obj
 0001:0000ebb0       ?IsA@LegoAnimActor@@$4PPPPPPPM@A@BEEPBD@Z 1000fbb0 f legoobjectfactory.cpp.obj
 0001:0000ebc0       ?IsA@LegoAnimActor@@UBEEPBD@Z 1000fbc0 f legoobjectfactory.cpp.obj
 0001:0000ed00       ?ParseAction@LegoAnimActor@@$4PPPPPPPM@A@AEXPAD@Z 1000fd00 f legoobjectfactory.cpp.obj
 0001:0000ed10       ?SetWorldSpeed@LegoAnimActor@@$4PPPPPPPM@A@AEXM@Z 1000fd10 f legoobjectfactory.cpp.obj
 0001:0000ed20       ?Animate@LegoAnimActor@@$4PPPPPPPM@A@AEXM@Z 1000fd20 f legoobjectfactory.cpp.obj
 0001:0000ed30       ?ApplyTransform@LegoAnimActor@@$4PPPPPPPM@A@AEXAAVMatrix4@@@Z 1000fd30 f legoobjectfactory.cpp.obj
 0001:0000ed40       ??0SkateBoard@@QAE@XZ      1000fd40 f skateboard.cpp.obj
 0001:0000edd0       ?ClassName@SkateBoard@@UBEPBDXZ 1000fdd0 f skateboard.cpp.obj
 0001:0000ede0       ?IsA@SkateBoard@@UBEEPBD@Z 1000fde0 f skateboard.cpp.obj
 0001:0000ef60       ??_ESkateBoard@@UAEPAXI@Z  1000ff60 f skateboard.cpp.obj
 0001:0000ef60       ??_GSkateBoard@@UAEPAXI@Z  1000ff60 f skateboard.cpp.obj
 0001:0000ef80       ??1SkateBoard@@UAE@XZ      1000ff80 f skateboard.cpp.obj
 0001:0000f000       ?Create@SkateBoard@@UAEJAAVMxDSAction@@@Z 10010000 f skateboard.cpp.obj
 0001:0000f050       ?Exit@SkateBoard@@UAEXXZ   10010050 f skateboard.cpp.obj
 0001:0000f0e0       ?HandleClick@SkateBoard@@UAEJXZ 100100e0 f skateboard.cpp.obj
 0001:0000f230       ?HandleControl@SkateBoard@@UAEJAAVLegoControlManagerNotificationParam@@@Z 10010230 f skateboard.cpp.obj
 0001:0000f270       ?EnableScenePresentation@SkateBoard@@QAEXE@Z 10010270 f skateboard.cpp.obj
 0001:0000f360       ??1MxParam@@UAE@XZ         10010360 f skateboard.cpp.obj
 0001:0000f370       ??_EMxParam@@UAEPAXI@Z     10010370 f skateboard.cpp.obj
 0001:0000f370       ??_GMxParam@@UAEPAXI@Z     10010370 f skateboard.cpp.obj
 0001:0000f390       ?Clone@MxNotificationParam@@UBEPAV1@XZ 10010390 f skateboard.cpp.obj
 0001:0000f430       ??_GMxNotificationParam@@UAEPAXI@Z 10010430 f skateboard.cpp.obj
 0001:0000f430       ??_EMxNotificationParam@@UAEPAXI@Z 10010430 f skateboard.cpp.obj
 0001:0000f4a0       ??1MxNotificationParam@@UAE@XZ 100104a0 f skateboard.cpp.obj
 0001:0000f4f0       ?HandleNotification0@SkateBoard@@UAEJXZ 100104f0 f skateboard.cpp.obj
 0001:0000f510       ?ActivateSceneActions@SkateBoard@@QAEXXZ 10010510 f skateboard.cpp.obj
 0001:0000f5f0       ?Init@LegoEntity@@IAEXXZ   100105f0 f legoentity.cpp.obj
 0001:0000f650       ?ResetWorldTransform@LegoEntity@@UAEXE@Z 10010650 f legoentity.cpp.obj
 0001:0000f790       ?SetWorldTransform@LegoEntity@@UAEXABVVector3@@00@Z 10010790 f legoentity.cpp.obj
 0001:0000f7e0       ?Create@LegoEntity@@UAEJAAVMxDSAction@@@Z 100107e0 f legoentity.cpp.obj
 0001:0000f810       ?Destroy@LegoEntity@@UAEXE@Z 10010810 f legoentity.cpp.obj
 0001:0000f880       ?SetWorld@LegoEntity@@IAEXXZ 10010880 f legoentity.cpp.obj
 0001:0000f8a0       ?SetROI@LegoEntity@@UAEXPAVLegoROI@@EE@Z 100108a0 f legoentity.cpp.obj
 0001:0000f9b0       ?SetLocation@LegoEntity@@QAEXABVVector3@@00E@Z 100109b0 f legoentity.cpp.obj
 0001:0000fbe0       ??4Vector3@@QAEAAV0@ABV0@@Z 10010be0 f legoentity.cpp.obj
 0001:0000fc00       ??4Mx3DPointFloat@@QAEAAV0@ABV0@@Z 10010c00 f legoentity.cpp.obj
 0001:0000fc30       ?TransformPointOfView@LegoEntity@@QAEXXZ 10010c30 f legoentity.cpp.obj
 0001:0000fc60       ?GetWorldDirection@LegoEntity@@QAE?AVMx3DPointFloat@@XZ 10010c60 f legoentity.cpp.obj
 0001:0000fcf0       ?GetWorldUp@LegoEntity@@QAE?AVMx3DPointFloat@@XZ 10010cf0 f legoentity.cpp.obj
 0001:0000fd80       ?GetWorldPosition@LegoEntity@@QAE?AVMx3DPointFloat@@XZ 10010d80 f legoentity.cpp.obj
 0001:0000fe10       ?ParseAction@LegoEntity@@UAEXPAD@Z 10010e10 f legoentity.cpp.obj
 0001:0000ff10       ?ClickSound@LegoEntity@@UAEXE@Z 10010f10 f legoentity.cpp.obj
 0001:00010070       ?ClickAnimation@LegoEntity@@UAEXXZ 10011070 f legoentity.cpp.obj
 0001:00010300       ?SwitchVariant@LegoEntity@@UAEXXZ 10011300 f legoentity.cpp.obj
 0001:00010360       ?SwitchSound@LegoEntity@@UAEXXZ 10011360 f legoentity.cpp.obj
 0001:000103c0       ?SwitchMove@LegoEntity@@UAEXXZ 100113c0 f legoentity.cpp.obj
 0001:00010420       ?SwitchColor@LegoEntity@@UAEXPAVLegoROI@@@Z 10011420 f legoentity.cpp.obj
 0001:00010470       ?SwitchMood@LegoEntity@@UAEXXZ 10011470 f legoentity.cpp.obj
 0001:000104e0       ?SetType@LegoEntity@@QAEXE@Z 100114e0 f legoentity.cpp.obj
 0001:000104f0       ?Notify@LegoEntity@@UAEJAAVMxParam@@@Z 100114f0 f legoentity.cpp.obj
 0001:00010630       ??0Lego3DSound@@QAE@XZ     10011630 f lego3dsound.cpp.obj
 0001:00010650       ??_GLego3DSound@@UAEPAXI@Z 10011650 f lego3dsound.cpp.obj
 0001:00010650       ??_ELego3DSound@@UAEPAXI@Z 10011650 f lego3dsound.cpp.obj
 0001:00010670       ??1Lego3DSound@@UAE@XZ     10011670 f lego3dsound.cpp.obj
 0001:00010680       ?Init@Lego3DSound@@QAEXXZ  10011680 f lego3dsound.cpp.obj
 0001:000106a0       ?Create@Lego3DSound@@QAEJPAUIDirectSoundBuffer@@PBDH@Z 100116a0 f lego3dsound.cpp.obj
 0001:00010880       ?Destroy@Lego3DSound@@UAEXXZ 10011880 f lego3dsound.cpp.obj
 0001:000108e0       ?UpdatePosition@Lego3DSound@@QAEIPAUIDirectSoundBuffer@@@Z 100118e0 f lego3dsound.cpp.obj
 0001:00010a60       ?FUN_10011a60@Lego3DSound@@QAEXPAUIDirectSoundBuffer@@PBD@Z 10011a60 f lego3dsound.cpp.obj
 0001:00010ca0       ?Reset@Lego3DSound@@QAEXXZ 10011ca0 f lego3dsound.cpp.obj
 0001:00010cf0       ?SetDistance@Lego3DSound@@QAEHHH@Z 10011cf0 f lego3dsound.cpp.obj
 0001:00010d50       ??0LegoCameraController@@QAE@XZ 10011d50 f legocameracontroller.cpp.obj
 0001:00010e40       ?LeftUp@LegoPointOfViewController@@UAEXHH@Z 10011e40 f legocameracontroller.cpp.obj
 0001:00010e60       ?RightDown@LegoPointOfViewController@@UAEXHH@Z 10011e60 f legocameracontroller.cpp.obj
 0001:00010e80       ?RightDrag@LegoPointOfViewController@@UAEXHH@Z 10011e80 f legocameracontroller.cpp.obj
 0001:00010ea0       ?RightUp@LegoPointOfViewController@@UAEXHH@Z 10011ea0 f legocameracontroller.cpp.obj
 0001:00010ec0       ?ClassName@LegoCameraController@@UBEPBDXZ 10011ec0 f legocameracontroller.cpp.obj
 0001:00010ed0       ?IsA@LegoCameraController@@UBEEPBD@Z 10011ed0 f legocameracontroller.cpp.obj
 0001:00010f50       ??_GLegoCameraController@@UAEPAXI@Z 10011f50 f legocameracontroller.cpp.obj
 0001:00010f50       ??_ELegoCameraController@@UAEPAXI@Z 10011f50 f legocameracontroller.cpp.obj
 0001:00010f70       ??1LegoCameraController@@UAE@XZ 10011f70 f legocameracontroller.cpp.obj
 0001:00010ff0       ?Create@LegoCameraController@@UAEJXZ 10011ff0 f legocameracontroller.cpp.obj
 0001:00011020       ?Notify@LegoCameraController@@UAEJAAVMxParam@@@Z 10012020 f legocameracontroller.cpp.obj
 0001:00011170       ??0MxPoint32@@QAE@HH@Z     10012170 f legocameracontroller.cpp.obj
 0001:00011190       ?GetX@LegoEventNotificationParam@@QBEHXZ 10012190 f legocameracontroller.cpp.obj
 0001:000111a0       ?GetY@LegoEventNotificationParam@@QBEHXZ 100121a0 f legocameracontroller.cpp.obj
 0001:000111b0       ?OnLButtonDown@LegoCameraController@@UAEXVMxPoint32@@@Z 100121b0 f legocameracontroller.cpp.obj
 0001:000111d0       ?OnLButtonUp@LegoCameraController@@UAEXVMxPoint32@@@Z 100121d0 f legocameracontroller.cpp.obj
 0001:000111f0       ?OnRButtonDown@LegoCameraController@@UAEXVMxPoint32@@@Z 100121f0 f legocameracontroller.cpp.obj
 0001:00011210       ?OnRButtonUp@LegoCameraController@@UAEXVMxPoint32@@@Z 10012210 f legocameracontroller.cpp.obj
 0001:00011230       ?OnMouseMove@LegoCameraController@@UAEXEVMxPoint32@@@Z 10012230 f legocameracontroller.cpp.obj
 0001:00011260       ?SetWorldTransform@LegoCameraController@@QAEXABVVector3@@00@Z 10012260 f legocameracontroller.cpp.obj
 0001:00011290       ?RotateZ@LegoCameraController@@QAEXM@Z 10012290 f legocameracontroller.cpp.obj
 0001:00011320       ?RotateY@LegoCameraController@@QAEXM@Z 10012320 f legocameracontroller.cpp.obj
 0001:000113b0       ?GetPointOfView@LegoCameraController@@QAEJAAVMatrix4@@@Z 100123b0 f legocameracontroller.cpp.obj
 0001:000113e0       ?TransformPointOfView@LegoCameraController@@QAEXABVMatrix4@@I@Z 100123e0 f legocameracontroller.cpp.obj
 0001:00011740       ?GetWorldUp@LegoCameraController@@QAE?AVMx3DPointFloat@@XZ 10012740 f legocameracontroller.cpp.obj
 0001:000117f0       ?GetWorldLocation@LegoCameraController@@QAE?AVMx3DPointFloat@@XZ 100127f0 f legocameracontroller.cpp.obj
 0001:000118a0       ?GetWorldDirection@LegoCameraController@@QAE?AVMx3DPointFloat@@XZ 100128a0 f legocameracontroller.cpp.obj
 0001:00011950       ??0LegoRaceCar@@QAE@XZ     10012950 f legoracers.cpp.obj
 0001:00011b90       ??_DLegoAnimActor@@QAEXXZ  10012b90 f legoracers.cpp.obj
 0001:00011bb0       ?SetAcceleration@LegoCarRaceActor@@UAEXM@Z 10012bb0 f legoracers.cpp.obj
 0001:00011bc0       ?GetAcceleration@LegoCarRaceActor@@UAEMXZ 10012bc0 f legoracers.cpp.obj
 0001:00011bd0       ?SetCurveSpeedFactor@LegoCarRaceActor@@UAEXM@Z 10012bd0 f legoracers.cpp.obj
 0001:00011be0       ?GetCurveSpeedFactor@LegoCarRaceActor@@UAEMXZ 10012be0 f legoracers.cpp.obj
 0001:00011bf0       ?SetRubberBandFactor@LegoCarRaceActor@@UAEXM@Z 10012bf0 f legoracers.cpp.obj
 0001:00011c00       ?GetRubberBandFactor@LegoCarRaceActor@@UAEMXZ 10012c00 f legoracers.cpp.obj
 0001:00011c10       ??_DLegoRaceActor@@QAEXXZ  10012c10 f legoracers.cpp.obj
 0001:00011c30       ??_DLegoCarRaceActor@@QAEXXZ 10012c30 f legoracers.cpp.obj
 0001:00011c50       ??_DLegoRaceMap@@QAEXXZ    10012c50 f legoracers.cpp.obj
 0001:00011c80       ??1LegoRaceCar@@UAE@XZ     10012c80 f legoracers.cpp.obj
 0001:00011d80       ??1LegoCarRaceActor@@UAE@XZ 10012d80 f legoracers.cpp.obj
 0001:00011d90       ?Notify@LegoRaceCar@@UAEJAAVMxParam@@@Z 10012d90 f legoracers.cpp.obj
 0001:00011de0       ?InitYouCantStopSound@LegoRaceCar@@SAXXZ 10012de0 f legoracers.cpp.obj
 0001:00011e00       ?InitSoundIndices@LegoRaceCar@@SAXXZ 10012e00 f legoracers.cpp.obj
 0001:00011e60       ?SetWorldSpeed@LegoRaceCar@@UAEXM@Z 10012e60 f legoracers.cpp.obj
 0001:00011ea0       ?SetMaxLinearVelocity@LegoRaceCar@@UAEXM@Z 10012ea0 f legoracers.cpp.obj
 0001:00011ef0       ?ParseAction@LegoRaceCar@@UAEXPAD@Z 10012ef0 f legoracers.cpp.obj
 0001:00011ff0       ?KickCamera@LegoRaceCar@@UAEXM@Z 10012ff0 f legoracers.cpp.obj
 0001:00012130       ?HandleSkeletonKicks@LegoRaceCar@@UAEIM@Z 10013130 f legoracers.cpp.obj
 0001:000121f0       ?Animate@LegoRaceCar@@UAEXM@Z 100131f0 f legoracers.cpp.obj
 0001:000123c0       ?HitActor@LegoRaceCar@@UAEJPAVLegoPathActor@@E@Z 100133c0 f legoracers.cpp.obj
 0001:00012600       ?CalculateSpline@LegoRaceCar@@UAEJXZ 10013600 f legoracers.cpp.obj
 0001:00012670       ?InitSoundIndices@LegoJetski@@SAXXZ 10013670 f legoracers.cpp.obj
 0001:000126a0       ?SetWorldSpeed@LegoJetski@@UAEXM@Z 100136a0 f legoracers.cpp.obj
 0001:000126f0       ?SetMaxLinearVelocity@LegoJetski@@UAEXM@Z 100136f0 f legoracers.cpp.obj
 0001:00012740       ?Animate@LegoJetski@@UAEXM@Z 10013740 f legoracers.cpp.obj
 0001:00012820       ??0LegoJetski@@QAE@XZ      10013820 f legoracers.cpp.obj
 0001:00012a80       ??_DLegoJetskiRaceActor@@QAEXXZ 10013a80 f legoracers.cpp.obj
 0001:00012aa0       ??1LegoJetski@@UAE@XZ      10013aa0 f legoracers.cpp.obj
 0001:00012ba0       ??1LegoJetskiRaceActor@@UAE@XZ 10013ba0 f legoracers.cpp.obj
 0001:00012bb0       ?ParseAction@LegoJetski@@UAEXPAD@Z 10013bb0 f legoracers.cpp.obj
 0001:00012c30       ?Notify@LegoJetski@@UAEJAAVMxParam@@@Z 10013c30 f legoracers.cpp.obj
 0001:00012c40       ?HitActor@LegoJetski@@UAEJPAVLegoPathActor@@E@Z 10013c40 f legoracers.cpp.obj
 0001:00012e20       ??_ELegoJetski@@$4PPPPPPPM@A@AEPAXI@Z 10013e20 f legoracers.cpp.obj
 0001:00012e30       ??_GLegoJetski@@UAEPAXI@Z  10013e30 f legoracers.cpp.obj
 0001:00012e30       ??_ELegoJetski@@UAEPAXI@Z  10013e30 f legoracers.cpp.obj
 0001:00012e70       ?Notify@LegoJetski@@$4PPPPPPPM@A@AEJAAVMxParam@@@Z 10013e70 f legoracers.cpp.obj
 0001:00012e80       ?ClassName@LegoJetski@@$4PPPPPPPM@A@BEPBDXZ 10013e80 f legoracers.cpp.obj
 0001:00012e90       ?ClassName@LegoJetski@@UBEPBDXZ 10013e90 f legoracers.cpp.obj
 0001:00012ea0       ?IsA@LegoJetski@@$4PPPPPPPM@A@BEEPBD@Z 10013ea0 f legoracers.cpp.obj
 0001:00012eb0       ?IsA@LegoJetski@@UBEEPBD@Z 10013eb0 f legoracers.cpp.obj
 0001:000130d0       ?IsA@MxCore@@UBEEPBD@Z     100140d0 f legoracers.cpp.obj
 0001:00013110       ?ParseAction@LegoJetski@@$4PPPPPPPM@A@AEXPAD@Z 10014110 f legoracers.cpp.obj
 0001:00013120       ?SetWorldSpeed@LegoJetski@@$4PPPPPPPM@A@AEXM@Z 10014120 f legoracers.cpp.obj
 0001:00013130       ?CheckIntersections@LegoRaceActor@@$4PPPPPPPM@PPPPPOIA@AEHAAVVector3@@00@Z 10014130 f legoracers.cpp.obj
 0001:00013140       ?CheckPresenterAndActorIntersections@LegoJetski@@$4PPPPPPPM@A@AEIPAVLegoPathBoundary@@AAVVector3@@1MM1@Z 10014140 f legoracers.cpp.obj
 0001:00013150       ?CheckPresenterAndActorIntersections@LegoJetski@@UAEIPAVLegoPathBoundary@@AAVVector3@@1MM1@Z 10014150 f legoracers.cpp.obj
 0001:00013180       ?Animate@LegoJetski@@$4PPPPPPPM@A@AEXM@Z 10014180 f legoracers.cpp.obj
 0001:00013190       ?ApplyTransform@LegoAnimActor@@$4PPPPPPPM@PPPPPOIM@AEXAAVMatrix4@@@Z 10014190 f legoracers.cpp.obj
 0001:000131a0       ?StepState@LegoRaceActor@@$4PPPPPPPM@PPPPPOIA@AEIMAAVMatrix4@@@Z 100141a0 f legoracers.cpp.obj
 0001:000131b0       ?HitActor@LegoJetski@@$4PPPPPPPM@A@AEJPAVLegoPathActor@@E@Z 100141b0 f legoracers.cpp.obj
 0001:000131c0       ?SwitchBoundary@LegoJetski@@$4PPPPPPPM@A@AEXAAPAVLegoPathBoundary@@AAPAULegoOrientedEdge@@AAM@Z 100141c0 f legoracers.cpp.obj
 0001:000131d0       ?SwitchBoundary@LegoJetski@@UAEXAAPAVLegoPathBoundary@@AAPAULegoOrientedEdge@@AAM@Z 100141d0 f legoracers.cpp.obj
 0001:00013200       ?CalculateSpline@LegoJetski@@$4PPPPPPPM@A@AEJXZ 10014200 f legoracers.cpp.obj
 0001:00013210       ?CalculateSpline@LegoJetski@@UAEJXZ 10014210 f legoracers.cpp.obj
 0001:00013220       ?HandleJump@LegoJetskiRaceActor@@$4PPPPPPPM@A@AEHPAVLegoPathBoundary@@PAULegoEdge@@@Z 10014220 f legoracers.cpp.obj
 0001:00013230       ??_ELegoRaceCar@@$4PPPPPPPM@A@AEPAXI@Z 10014230 f legoracers.cpp.obj
 0001:00013240       ??_GLegoRaceCar@@UAEPAXI@Z 10014240 f legoracers.cpp.obj
 0001:00013240       ??_ELegoRaceCar@@UAEPAXI@Z 10014240 f legoracers.cpp.obj
 0001:00013280       ?Notify@LegoRaceCar@@$4PPPPPPPM@A@AEJAAVMxParam@@@Z 10014280 f legoracers.cpp.obj
 0001:00013290       ?ClassName@LegoRaceCar@@$4PPPPPPPM@A@BEPBDXZ 10014290 f legoracers.cpp.obj
 0001:000132a0       ?ClassName@LegoRaceCar@@UBEPBDXZ 100142a0 f legoracers.cpp.obj
 0001:000132b0       ?IsA@LegoRaceCar@@$4PPPPPPPM@A@BEEPBD@Z 100142b0 f legoracers.cpp.obj
 0001:000132c0       ?IsA@LegoRaceCar@@UBEEPBD@Z 100142c0 f legoracers.cpp.obj
 0001:000134c0       ?ClassName@MxCore@@UBEPBDXZ 100144c0 f legoracers.cpp.obj
 0001:000134d0       ?ParseAction@LegoRaceCar@@$4PPPPPPPM@A@AEXPAD@Z 100144d0 f legoracers.cpp.obj
 0001:000134e0       ?SetWorldSpeed@LegoRaceCar@@$4PPPPPPPM@A@AEXM@Z 100144e0 f legoracers.cpp.obj
 0001:000134f0       ?CheckPresenterAndActorIntersections@LegoRaceCar@@$4PPPPPPPM@A@AEIPAVLegoPathBoundary@@AAVVector3@@1MM1@Z 100144f0 f legoracers.cpp.obj
 0001:00013500       ?CheckPresenterAndActorIntersections@LegoRaceCar@@UAEIPAVLegoPathBoundary@@AAVVector3@@1MM1@Z 10014500 f legoracers.cpp.obj
 0001:00013530       ?Animate@LegoRaceCar@@$4PPPPPPPM@A@AEXM@Z 10014530 f legoracers.cpp.obj
 0001:00013540       ?HitActor@LegoRaceCar@@$4PPPPPPPM@A@AEJPAVLegoPathActor@@E@Z 10014540 f legoracers.cpp.obj
 0001:00013550       ?SwitchBoundary@LegoRaceCar@@$4PPPPPPPM@A@AEXAAPAVLegoPathBoundary@@AAPAULegoOrientedEdge@@AAM@Z 10014550 f legoracers.cpp.obj
 0001:00013560       ?SwitchBoundary@LegoRaceCar@@UAEXAAPAVLegoPathBoundary@@AAPAULegoOrientedEdge@@AAM@Z 10014560 f legoracers.cpp.obj
 0001:00013580       ?CalculateSpline@LegoRaceCar@@$4PPPPPPPM@A@AEJXZ 10014580 f legoracers.cpp.obj
 0001:000135d0       ??0LegoRaceActor@@QAE@XZ   100145d0 f legoraceactor.cpp.obj
 0001:00013750       ?CheckIntersections@LegoRaceActor@@UAEHAAVVector3@@00@Z 10014750 f legoraceactor.cpp.obj
 0001:000137f0       ?StepState@LegoRaceActor@@UAEIMAAVMatrix4@@@Z 100147f0 f legoraceactor.cpp.obj
 0001:00013a00       ?HitActor@LegoRaceActor@@UAEJPAVLegoPathActor@@E@Z 10014a00 f legoraceactor.cpp.obj
 0001:00013aa0       ?FUN_10014aa0@LegoRaceActor@@UAEJXZ 10014aa0 f legoraceactor.cpp.obj
 0001:00013ab0       ??_ELegoRaceActor@@$4PPPPPPPM@A@AEPAXI@Z 10014ab0 f legoraceactor.cpp.obj
 0001:00013ac0       ??_GLegoRaceActor@@UAEPAXI@Z 10014ac0 f legoraceactor.cpp.obj
 0001:00013ac0       ??_ELegoRaceActor@@UAEPAXI@Z 10014ac0 f legoraceactor.cpp.obj
 0001:00013af0       ?ClassName@LegoRaceActor@@$4PPPPPPPM@A@BEPBDXZ 10014af0 f legoraceactor.cpp.obj
 0001:00013b00       ?ClassName@LegoRaceActor@@UBEPBDXZ 10014b00 f legoraceactor.cpp.obj
 0001:00013b10       ?IsA@LegoRaceActor@@$4PPPPPPPM@A@BEEPBD@Z 10014b10 f legoraceactor.cpp.obj
 0001:00013b20       ?IsA@LegoRaceActor@@UBEEPBD@Z 10014b20 f legoraceactor.cpp.obj
 0001:00013ca0       ?ParseAction@LegoAnimActor@@$4PPPPPPPM@PPPPPOIM@AEXPAD@Z 10014ca0 f legoraceactor.cpp.obj
 0001:00013cb0       ?SetWorldSpeed@LegoAnimActor@@$4PPPPPPPM@PPPPPOIM@AEXM@Z 10014cb0 f legoraceactor.cpp.obj
 0001:00013cc0       ?CheckIntersections@LegoRaceActor@@$4PPPPPPPM@A@AEHAAVVector3@@00@Z 10014cc0 f legoraceactor.cpp.obj
 0001:00013cd0       ?Animate@LegoAnimActor@@$4PPPPPPPM@PPPPPOIM@AEXM@Z 10014cd0 f legoraceactor.cpp.obj
 0001:00013ce0       ?StepState@LegoRaceActor@@$4PPPPPPPM@A@AEIMAAVMatrix4@@@Z 10014ce0 f legoraceactor.cpp.obj
 0001:00013cf0       ?HitActor@LegoRaceActor@@$4PPPPPPPM@A@AEJPAVLegoPathActor@@E@Z 10014cf0 f legoraceactor.cpp.obj
 0001:00013d00       ?Next@Playlist@LegoState@@QAEIXZ 10014d00 f legostate.cpp.obj
 0001:00013de0       ?Contains@Playlist@LegoState@@QAEEI@Z 10014de0 f legostate.cpp.obj
 0001:00013e20       ??0BuildingEntity@@QAE@XZ  10014e20 f buildings.cpp.obj
 0001:00013f20       ?ClassName@BuildingEntity@@UBEPBDXZ 10014f20 f buildings.cpp.obj
 0001:00013f30       ?IsA@BuildingEntity@@UBEEPBD@Z 10014f30 f buildings.cpp.obj
 0001:00014010       ??_EBuildingEntity@@UAEPAXI@Z 10015010 f buildings.cpp.obj
 0001:00014010       ??_GBuildingEntity@@UAEPAXI@Z 10015010 f buildings.cpp.obj
 0001:00014030       ??1BuildingEntity@@UAE@XZ  10015030 f buildings.cpp.obj
 0001:000140a0       ?Notify@BuildingEntity@@UAEJAAVMxParam@@@Z 100150a0 f buildings.cpp.obj
 0001:000140c0       ?HandleClick@InfoCenterEntity@@UAEJAAVLegoEventNotificationParam@@@Z 100150c0 f buildings.cpp.obj
 0001:000141d0       ?HandleClick@GasStationEntity@@UAEJAAVLegoEventNotificationParam@@@Z 100151d0 f buildings.cpp.obj
 0001:00014270       ?HandleClick@HospitalEntity@@UAEJAAVLegoEventNotificationParam@@@Z 10015270 f buildings.cpp.obj
 0001:00014310       ?HandleClick@PoliceEntity@@UAEJAAVLegoEventNotificationParam@@@Z 10015310 f buildings.cpp.obj
 0001:000143b0       ?HandleClick@BeachHouseEntity@@UAEJAAVLegoEventNotificationParam@@@Z 100153b0 f buildings.cpp.obj
 0001:00014450       ?HandleClick@RaceStandsEntity@@EAEJAAVLegoEventNotificationParam@@@Z 10015450 f buildings.cpp.obj
 0001:000144f0       ?HandleClick@JailEntity@@EAEJAAVLegoEventNotificationParam@@@Z 100154f0 f buildings.cpp.obj
 0001:00014520       ?HandleClick@CaveEntity@@EAEJAAVLegoEventNotificationParam@@@Z 10015520 f buildings.cpp.obj
 0001:00014700       ?Lego@@YAPAVLegoOmni@@XZ   10015700 f misc.cpp.obj
 0001:00014710       ?SoundManager@@YAPAVLegoSoundManager@@XZ 10015710 f misc.cpp.obj
 0001:00014720       ?VideoManager@@YAPAVLegoVideoManager@@XZ 10015720 f misc.cpp.obj
 0001:00014730       ?BackgroundAudioManager@@YAPAVMxBackgroundAudioManager@@XZ 10015730 f misc.cpp.obj
 0001:00014740       ?InputManager@@YAPAVLegoInputManager@@XZ 10015740 f misc.cpp.obj
 0001:00014750       ?ControlManager@@YAPAVLegoControlManager@@XZ 10015750 f misc.cpp.obj
 0001:00014760       ?GameState@@YAPAVLegoGameState@@XZ 10015760 f misc.cpp.obj
 0001:00014770       ?AnimationManager@@YAPAVLegoAnimationManager@@XZ 10015770 f misc.cpp.obj
 0001:00014780       ?NavController@@YAPAVLegoNavController@@XZ 10015780 f misc.cpp.obj
 0001:00014790       ?UserActor@@YAPAVLegoPathActor@@XZ 10015790 f misc.cpp.obj
 0001:000147a0       ?CurrentWorld@@YAPAVLegoWorld@@XZ 100157a0 f misc.cpp.obj
 0001:000147b0       ?CharacterManager@@YAPAVLegoCharacterManager@@XZ 100157b0 f misc.cpp.obj
 0001:000147c0       ?GetViewManager@@YAPAVViewManager@@XZ 100157c0 f misc.cpp.obj
 0001:000147e0       ?PlantManager@@YAPAVLegoPlantManager@@XZ 100157e0 f misc.cpp.obj
 0001:000147f0       ?BuildingManager@@YAPAVLegoBuildingManager@@XZ 100157f0 f misc.cpp.obj
 0001:00014800       ?TextureContainer@@YAPAVLegoTextureContainer@@XZ 10015800 f misc.cpp.obj
 0001:00014810       ?GetViewLODListManager@@YAPAVViewLODListManager@@XZ 10015810 f misc.cpp.obj
 0001:00014820       ?Disable@@YAXEG@Z          10015820 f misc.cpp.obj
 0001:00014840       ?FindROI@@YAPAVLegoROI@@PBD@Z 10015840 f misc.cpp.obj
 0001:00014860       ?SetROIVisible@@YAXPBDE@Z  10015860 f misc.cpp.obj
 0001:00014880       ?SetUserActor@@YAXPAVLegoPathActor@@@Z 10015880 f misc.cpp.obj
 0001:00014890       ?StartActionIfInitialized@@YAJAAVMxDSAction@@@Z 10015890 f misc.cpp.obj
 0001:000148b0       ?DeleteAction@@YAXXZ       100158b0 f misc.cpp.obj
 0001:000148c0       ?FindWorld@@YAPAVLegoWorld@@ABVMxAtomId@@H@Z 100158c0 f misc.cpp.obj
 0001:000148e0       ?GetCurrentAction@@YAAAVMxDSAction@@XZ 100158e0 f misc.cpp.obj
 0001:000148f0       ?SetCurrentWorld@@YAXPAVLegoWorld@@@Z 100158f0 f misc.cpp.obj
 0001:00014900       ?TransitionManager@@YAPAVMxTransitionManager@@XZ 10015900 f misc.cpp.obj
 0001:00014910       ?PlayMusic@@YAXW4Script@JukeboxScript@@@Z 10015910 f misc.cpp.obj
 0001:000149c0       ?SetIsWorldActive@@YAXE@Z  100159c0 f misc.cpp.obj
 0001:000149e0       ?DeleteObjects@@YAXPAVMxAtomId@@HH@Z 100159e0 f misc.cpp.obj
 0001:00014aa0       ??0LegoRace@@QAE@XZ        10015aa0 f legorace.cpp.obj
 0001:00014b70       ?HandlePathStruct@LegoRace@@UAEJAAVLegoPathStructNotificationParam@@@Z 10015b70 f legorace.cpp.obj
 0001:00014b80       ?HandleEndAction@LegoRace@@UAEJAAVMxEndActionNotificationParam@@@Z 10015b80 f legorace.cpp.obj
 0001:00014b90       ?Escape@LegoRace@@UAEEXZ   10015b90 f legorace.cpp.obj
 0001:00014ba0       ?ClassName@LegoRace@@UBEPBDXZ 10015ba0 f legorace.cpp.obj
 0001:00014bb0       ?IsA@LegoRace@@UBEEPBD@Z   10015bb0 f legorace.cpp.obj
 0001:00014cc0       ??_ELegoRace@@UAEPAXI@Z    10015cc0 f legorace.cpp.obj
 0001:00014cc0       ??_GLegoRace@@UAEPAXI@Z    10015cc0 f legorace.cpp.obj
 0001:00014ce0       ?Create@LegoRace@@UAEJAAVMxDSAction@@@Z 10015ce0 f legorace.cpp.obj
 0001:00014d40       ??1LegoRace@@UAE@XZ        10015d40 f legorace.cpp.obj
 0001:00014e00       ?Notify@LegoRace@@UAEJAAVMxParam@@@Z 10015e00 f legorace.cpp.obj
 0001:00014ed0       ?Enable@LegoRace@@UAEXE@Z  10015ed0 f legorace.cpp.obj
 0001:00014f30       ??0RaceState@@QAE@XZ       10015f30 f legorace.cpp.obj
 0001:00015000       ??0Entry@RaceState@@QAE@XZ 10016000 f legorace.cpp.obj
 0001:00015010       ?ClassName@RaceState@@UBEPBDXZ 10016010 f legorace.cpp.obj
 0001:00015020       ?IsA@RaceState@@UBEEPBD@Z  10016020 f legorace.cpp.obj
 0001:000150d0       ??_ERaceState@@UAEPAXI@Z   100160d0 f legorace.cpp.obj
 0001:000150d0       ??_GRaceState@@UAEPAXI@Z   100160d0 f legorace.cpp.obj
 0001:00015140       ?Serialize@RaceState@@UAEJPAVLegoStorage@@@Z 10016140 f legorace.cpp.obj
 0001:00015280       ?GetState@RaceState@@QAEPAUEntry@1@E@Z 10016280 f legorace.cpp.obj
 0001:000152c0       ?Create@JetskiRace@@UAEJAAVMxDSAction@@@Z 100162c0 f legorace.cpp.obj
 0001:000153b0       ?ReadyWorld@JetskiRace@@UAEXXZ 100163b0 f legorace.cpp.obj
 0001:00015520       ?HandleEndAction@JetskiRace@@UAEJAAVMxEndActionNotificationParam@@@Z 10016520 f legorace.cpp.obj
 0001:000155a0       ?HandleControl@JetskiRace@@UAEJAAVLegoControlManagerNotificationParam@@@Z 100165a0 f legorace.cpp.obj
 0001:000156a0       ?HandlePathStruct@JetskiRace@@UAEJAAVLegoPathStructNotificationParam@@@Z 100166a0 f legorace.cpp.obj
 0001:00015930       ?SetProgressPosition@JetskiRace@@QAEXHF@Z 10016930 f legorace.cpp.obj
 0001:00015a10       ?Escape@JetskiRace@@UAEEXZ 10016a10 f legorace.cpp.obj
 0001:00015a90       ??0CarRace@@QAE@XZ         10016a90 f legorace.cpp.obj
 0001:00015b20       ?ClassName@CarRace@@UBEPBDXZ 10016b20 f legorace.cpp.obj
 0001:00015b30       ?IsA@CarRace@@UBEEPBD@Z    10016b30 f legorace.cpp.obj
 0001:00015c70       ??_GCarRace@@UAEPAXI@Z     10016c70 f legorace.cpp.obj
 0001:00015c70       ??_ECarRace@@UAEPAXI@Z     10016c70 f legorace.cpp.obj
 0001:00015ce0       ?Create@CarRace@@UAEJAAVMxDSAction@@@Z 10016ce0 f legorace.cpp.obj
 0001:00015dd0       ?ReadyWorld@CarRace@@UAEXXZ 10016dd0 f legorace.cpp.obj
 0001:00015f60       ?HandleEndAction@CarRace@@UAEJAAVMxEndActionNotificationParam@@@Z 10016f60 f legorace.cpp.obj
 0001:000160e0       ?HandlePathStruct@CarRace@@UAEJAAVLegoPathStructNotificationParam@@@Z 100170e0 f legorace.cpp.obj
 0001:00016650       ?HandleControl@CarRace@@UAEJAAVLegoControlManagerNotificationParam@@@Z 10017650 f legorace.cpp.obj
 0001:000167e0       ?HandleType0Notification@CarRace@@UAEJAAVMxNotificationParam@@@Z 100177e0 f legorace.cpp.obj
 0001:00016820       ?SetProgressPosition@CarRace@@QAEXHF@Z 10017820 f legorace.cpp.obj
 0001:00016900       ?Escape@CarRace@@UAEEXZ    10017900 f legorace.cpp.obj
 0001:000169c0       ?Create@Pizzeria@@UAEJAAVMxDSAction@@@Z 100179c0 f pizzeria.cpp.obj
 0001:000169f0       ?CreateState@Pizzeria@@QAEXXZ 100179f0 f pizzeria.cpp.obj
 0001:00016a50       ?HandleClick@Pizzeria@@UAEJXZ 10017a50 f pizzeria.cpp.obj
 0001:00016af0       ??0PizzeriaState@@QAE@XZ   10017af0 f pizzeria.cpp.obj
 0001:00016c00       ??0Playlist@LegoState@@QAE@XZ 10017c00 f pizzeria.cpp.obj
 0001:00016c20       ?ClassName@PizzeriaState@@UBEPBDXZ 10017c20 f pizzeria.cpp.obj
 0001:00016c30       ?IsA@PizzeriaState@@UBEEPBD@Z 10017c30 f pizzeria.cpp.obj
 0001:00016ce0       ??_GPizzeriaState@@UAEPAXI@Z 10017ce0 f pizzeria.cpp.obj
 0001:00016ce0       ??_EPizzeriaState@@UAEPAXI@Z 10017ce0 f pizzeria.cpp.obj
 0001:00016d50       ?GetActorState@PizzeriaState@@QAEFXZ 10017d50 f pizzeria.cpp.obj
 0001:00016d70       ?NextAction@PizzeriaState@@QAEIXZ 10017d70 f pizzeria.cpp.obj
 0001:00016da0       ?Serialize@PizzeriaState@@UAEJPAVLegoStorage@@@Z 10017da0 f pizzeria.cpp.obj
 0001:00016e90       ??0ElevatorBottom@@QAE@XZ  10017e90 f elevatorbottom.cpp.obj
 0001:00016f10       ?WaitForTransition@ElevatorBottom@@UAEEXZ 10017f10 f elevatorbottom.cpp.obj
 0001:00016f20       ?ClassName@ElevatorBottom@@UBEPBDXZ 10017f20 f elevatorbottom.cpp.obj
 0001:00016f30       ?IsA@ElevatorBottom@@UBEEPBD@Z 10017f30 f elevatorbottom.cpp.obj
 0001:00017040       ??_EElevatorBottom@@UAEPAXI@Z 10018040 f elevatorbottom.cpp.obj
 0001:00017040       ??_GElevatorBottom@@UAEPAXI@Z 10018040 f elevatorbottom.cpp.obj
 0001:00017060       ??1ElevatorBottom@@UAE@XZ  10018060 f elevatorbottom.cpp.obj
 0001:000170f0       ?Create@ElevatorBottom@@UAEJAAVMxDSAction@@@Z 100180f0 f elevatorbottom.cpp.obj
 0001:00017150       ?Notify@ElevatorBottom@@UAEJAAVMxParam@@@Z 10018150 f elevatorbottom.cpp.obj
 0001:000171b0       ?ReadyWorld@ElevatorBottom@@UAEXXZ 100181b0 f elevatorbottom.cpp.obj
 0001:000171d0       ?HandleControl@ElevatorBottom@@AAEJAAVLegoControlManagerNotificationParam@@@Z 100181d0 f elevatorbottom.cpp.obj
 0001:000172c0       ?Enable@ElevatorBottom@@UAEXE@Z 100182c0 f elevatorbottom.cpp.obj
 0001:00017310       ?Escape@ElevatorBottom@@UAEEXZ 10018310 f elevatorbottom.cpp.obj
 0001:00017340       ??0LegoLoadCacheSoundPresenter@@QAE@XZ 10018340 f legoloadcachesoundpresenter.cpp.obj
 0001:00017450       ?ClassName@LegoLoadCacheSoundPresenter@@UBEPBDXZ 10018450 f legoloadcachesoundpresenter.cpp.obj
 0001:00017460       ??_ELegoLoadCacheSoundPresenter@@UAEPAXI@Z 10018460 f legoloadcachesoundpresenter.cpp.obj
 0001:00017460       ??_GLegoLoadCacheSoundPresenter@@UAEPAXI@Z 10018460 f legoloadcachesoundpresenter.cpp.obj
 0001:00017480       ??1LegoLoadCacheSoundPresenter@@UAE@XZ 10018480 f legoloadcachesoundpresenter.cpp.obj
 0001:000174e0       ?Init@LegoLoadCacheSoundPresenter@@AAEXXZ 100184e0 f legoloadcachesoundpresenter.cpp.obj
 0001:000174f0       ?Destroy@LegoLoadCacheSoundPresenter@@AAEXE@Z 100184f0 f legoloadcachesoundpresenter.cpp.obj
 0001:00017510       ?ReadyTickle@LegoLoadCacheSoundPresenter@@UAEXXZ 10018510 f legoloadcachesoundpresenter.cpp.obj
 0001:000175f0       ?StreamingTickle@LegoLoadCacheSoundPresenter@@UAEXXZ 100185f0 f legoloadcachesoundpresenter.cpp.obj
 0001:000176e0       ?GetMediaSrcPath@MxDSMediaAction@@QAEPBDXZ 100186e0 f legoloadcachesoundpresenter.cpp.obj
 0001:000176f0       ?DoneTickle@LegoLoadCacheSoundPresenter@@UAEXXZ 100186f0 f legoloadcachesoundpresenter.cpp.obj
 0001:00017700       ?PutData@LegoLoadCacheSoundPresenter@@UAEJXZ 10018700 f legoloadcachesoundpresenter.cpp.obj
 0001:00017740       ?HitActor@Act2GenActor@@EAEJPAVLegoPathActor@@E@Z 10018740 f act2actor.cpp.obj
 0001:000177e0       ??0Act2Actor@@QAE@XZ       100187e0 f act2actor.cpp.obj
 0001:00017940       ?SetROI@Act2Actor@@UAEXPAVLegoROI@@EE@Z 10018940 f act2actor.cpp.obj
 0001:00017980       ?InitializeNextShot@Act2Actor@@QAEXXZ 10018980 f act2actor.cpp.obj
 0001:000179f0       ?HitActor@Act2Actor@@UAEJPAVLegoPathActor@@E@Z 100189f0 f act2actor.cpp.obj
 0001:00017a20       ?CalculateSpline@Act2Actor@@UAEJXZ 10018a20 f act2actor.cpp.obj
 0001:00017b70       ??1?$List@ULegoBoundaryEdge@@@@QAE@XZ 10018b70 f act2actor.cpp.obj
 0001:00017bc0       ??1?$list@ULegoBoundaryEdge@@V?$allocator@ULegoBoundaryEdge@@@@@@QAE@XZ 10018bc0 f act2actor.cpp.obj
 0001:00017c30       ?Animate@Act2Actor@@UAEXM@Z 10018c30 f act2actor.cpp.obj
 0001:00018250       ?SetWorldSpeed@Act2Actor@@QAEXMM@Z 10019250 f act2actor.cpp.obj
 0001:00018280       ?SetWorldSpeed@Act2Actor@@UAEXM@Z 10019280 f act2actor.cpp.obj
 0001:000182a0       ?FindPath@Act2Actor@@QAEXI@Z 100192a0 f act2actor.cpp.obj
 0001:000184f0       ??0?$list@ULegoBoundaryEdge@@V?$allocator@ULegoBoundaryEdge@@@@@@QAE@ABV?$allocator@ULegoBoundaryEdge@@@@@Z 100194f0 f act2actor.cpp.obj
 0001:00018520       ?GoingToHide@Act2Actor@@QAEXXZ 10019520 f act2actor.cpp.obj
 0001:00018560       ?Hide@Act2Actor@@QAEXXZ    10019560 f act2actor.cpp.obj
 0001:000185a0       ?NextTargetLocation@Act2Actor@@UAEHXZ 100195a0 f act2actor.cpp.obj
 0001:00018700       ?UpdateShot@Act2Actor@@QAEIM@Z 10019700 f act2actor.cpp.obj
 0001:000189f0       ?PlayNextVoiceOver@Act2Actor@@QAEXC@Z 100199f0 f act2actor.cpp.obj
 0001:00018b90       ?GetNextEntity@Act2Actor@@QAEPAVLegoEntity@@PAE@Z 10019b90 f act2actor.cpp.obj
 0001:00019090       ??_EAct2Actor@@$4PPPPPPPM@A@AEPAXI@Z 1001a090 f act2actor.cpp.obj
 0001:000190a0       ??_EAct2Actor@@UAEPAXI@Z   1001a0a0 f act2actor.cpp.obj
 0001:000190a0       ??_GAct2Actor@@UAEPAXI@Z   1001a0a0 f act2actor.cpp.obj
 0001:00019120       ?ClassName@LegoAnimActor@@$4PPPPPPPM@DE@BEPBDXZ 1001a120 f act2actor.cpp.obj
 0001:00019130       ?IsA@LegoAnimActor@@$4PPPPPPPM@DE@BEEPBD@Z 1001a130 f act2actor.cpp.obj
 0001:00019140       ?ParseAction@LegoAnimActor@@$4PPPPPPPM@DE@AEXPAD@Z 1001a140 f act2actor.cpp.obj
 0001:00019150       ?SetROI@Act2Actor@@$4PPPPPPPM@A@AEXPAVLegoROI@@EE@Z 1001a150 f act2actor.cpp.obj
 0001:00019160       ?SetWorldSpeed@Act2Actor@@$4PPPPPPPM@A@AEXM@Z 1001a160 f act2actor.cpp.obj
 0001:00019170       ?CheckIntersections@Act2Actor@@$4PPPPPPPM@A@AEHAAVVector3@@00@Z 1001a170 f act2actor.cpp.obj
 0001:00019180       ?CheckIntersections@Act2Actor@@UAEHAAVVector3@@00@Z 1001a180 f act2actor.cpp.obj
 0001:000191b0       ?Animate@Act2Actor@@$4PPPPPPPM@A@AEXM@Z 1001a1b0 f act2actor.cpp.obj
 0001:000191c0       ?ApplyTransform@LegoAnimActor@@$4PPPPPPPM@DE@AEXAAVMatrix4@@@Z 1001a1c0 f act2actor.cpp.obj
 0001:000191d0       ?HitActor@Act2Actor@@$4PPPPPPPM@A@AEJPAVLegoPathActor@@E@Z 1001a1d0 f act2actor.cpp.obj
 0001:000191e0       ?CalculateSpline@Act2Actor@@$4PPPPPPPM@A@AEJXZ 1001a1e0 f act2actor.cpp.obj
 0001:000191f0       ?NextTargetLocation@Act2Actor@@$4PPPPPPPM@A@AEHXZ 1001a1f0 f act2actor.cpp.obj
 0001:00019200       ??0IslePathActor@@QAE@XZ   1001a200 f islepathactor.cpp.obj
 0001:00019280       ?Create@IslePathActor@@UAEJAAVMxDSAction@@@Z 1001a280 f islepathactor.cpp.obj
 0001:000192a0       ?Destroy@IslePathActor@@UAEXE@Z 1001a2a0 f islepathactor.cpp.obj
 0001:000192c0       ?Notify@IslePathActor@@UAEJAAVMxParam@@@Z 1001a2c0 f islepathactor.cpp.obj
 0001:00019350       ?Enter@IslePathActor@@UAEXXZ 1001a350 f islepathactor.cpp.obj
 0001:000193f0       ?Exit@IslePathActor@@UAEXXZ 1001a3f0 f islepathactor.cpp.obj
 0001:00019690       ?_Buynode@?$list@PAVROI@@V?$allocator@PAVROI@@@@@@IAEPAU_Node@1@PAU21@0@Z 1001a690 f islepathactor.cpp.obj
 0001:000196f0       ??0SpawnLocation@@QAE@XZ   1001a6f0 f islepathactor.cpp.obj
 0001:00019700       ?RegisterSpawnLocations@IslePathActor@@SAXXZ 1001a700 f islepathactor.cpp.obj
 0001:0001a1b0       ??0SpawnLocation@@QAE@W4Area@LegoGameState@@PAVMxAtomId@@HPBDFMFMIW4Script@JukeboxScript@@@Z 1001b1b0 f islepathactor.cpp.obj
 0001:0001a230       ??4SpawnLocation@@QAEAAU0@ABU0@@Z 1001b230 f islepathactor.cpp.obj
 0001:0001a2a0       ?SpawnPlayer@IslePathActor@@UAEXW4Area@LegoGameState@@EE@Z 1001b2a0 f islepathactor.cpp.obj
 0001:0001a5b0       ?UpdateWorld@IslePathActor@@UAEXVMxMatrix@@PAVLegoPathBoundary@@E@Z 1001b5b0 f islepathactor.cpp.obj
 0001:0001a660       ?TurnAround@IslePathActor@@QAEXXZ 1001b660 f islepathactor.cpp.obj
 0001:0001a700       ?HandleTrigger@LegoPathStruct@@UAEXPAVLegoPathActor@@EI@Z 1001b700 f legopathstruct.cpp.obj
 0001:0001a740       ?HandleTrigger@LegoPathStruct@@AAEEPAVLegoPathActor@@EIE@Z 1001b740 f legopathstruct.cpp.obj
 0001:0001aac0       ?Clone@LegoPathStructNotificationParam@@UBEPAVMxNotificationParam@@XZ 1001bac0 f legopathstruct.cpp.obj
 0001:0001ab80       ??_GLegoPathStructNotificationParam@@UAEPAXI@Z 1001bb80 f legopathstruct.cpp.obj
 0001:0001ab80       ??_ELegoPathStructNotificationParam@@UAEPAXI@Z 1001bb80 f legopathstruct.cpp.obj
 0001:0001abf0       ??1LegoPathStructNotificationParam@@UAE@XZ 1001bbf0 f legopathstruct.cpp.obj
 0001:0001ac40       ?HandleAction@LegoPathStruct@@AAEXPBDIE@Z 1001bc40 f legopathstruct.cpp.obj
 0001:0001ad10       ?PlayMusic@LegoPathStruct@@AAEXEI@Z 1001bd10 f legopathstruct.cpp.obj
 0001:0001af80       ??0LegoAnimActorStruct@@QAE@MPAVLegoAnim@@PAPAVLegoROI@@I@Z 1001bf80 f legoanimactor.cpp.obj
 0001:0001b010       ??1?$vector@PAEV?$allocator@PAE@@@@QAE@XZ 1001c010 f legoanimactor.cpp.obj
 0001:0001b050       ??1?$Vector@PAE@@QAE@XZ    1001c050 f legoanimactor.cpp.obj
 0001:0001b0a0       ??1LegoAnimActorStruct@@QAE@XZ 1001c0a0 f legoanimactor.cpp.obj
 0001:0001b130       ?GetDuration@LegoAnimActorStruct@@QAEMXZ 1001c130 f legoanimactor.cpp.obj
 0001:0001b140       ??1LegoAnimActor@@UAE@XZ   1001c140 f legoanimactor.cpp.obj
 0001:0001b1f0       ?GetTimeInCycle@LegoAnimActor@@UAEJAAM@Z 1001c1f0 f legoanimactor.cpp.obj
 0001:0001b240       ?ApplyTransform@LegoAnimActor@@UAEXAAVMatrix4@@@Z 1001c240 f legoanimactor.cpp.obj
 0001:0001b290       ?Animate@LegoAnimActor@@UAEXM@Z 1001c290 f legoanimactor.cpp.obj
 0001:0001b360       ?AnimateWithTransform@LegoAnimActor@@UAEJMAAVMatrix4@@@Z 1001c360 f legoanimactor.cpp.obj
 0001:0001b450       ?CreateAnimActorStruct@LegoAnimActor@@UAEJPAVLegoAnim@@MPAPAVLegoROI@@I@Z 1001c450 f legoanimactor.cpp.obj
 0001:0001b7c0       ?size@?$vector@PAULegoAnimActorStruct@@V?$allocator@PAULegoAnimActorStruct@@@@@@QBEIXZ 1001c7c0 f legoanimactor.cpp.obj
 0001:0001b7e0       ?_Destroy@?$vector@PAULegoAnimActorStruct@@V?$allocator@PAULegoAnimActorStruct@@@@@@IAEXPAPAULegoAnimActorStruct@@0@Z 1001c7e0 f legoanimactor.cpp.obj
 0001:0001b800       ?ClearMaps@LegoAnimActor@@UAEXXZ 1001c800 f legoanimactor.cpp.obj
 0001:0001b870       ?SetWorldSpeed@LegoAnimActor@@UAEXM@Z 1001c870 f legoanimactor.cpp.obj
 0001:0001b920       ?ParseAction@LegoAnimActor@@UAEXPAD@Z 1001c920 f legoanimactor.cpp.obj
 0001:0001b9e0       ?uninitialized_fill_n@@YAXPAPAULegoAnimActorStruct@@IABQAU1@@Z 1001c9e0 f legoanimactor.cpp.obj
 0001:0001ba10       ?uninitialized_copy@@YAPAPAULegoAnimActorStruct@@PAPAU1@00@Z 1001ca10 f legoanimactor.cpp.obj
 0001:0001ba40       ??0LegoWorld@@QAE@XZ       1001ca40 f legoworld.cpp.obj
 0001:0001bd00       ?Compare@MxPresenterList@@UAECPAVMxPresenter@@0@Z 1001cd00 f legoworld.cpp.obj
 0001:0001bd20       ?Compare@?$MxCollection@PAVMxPresenter@@@@UAECPAVMxPresenter@@0@Z 1001cd20 f legoworld.cpp.obj
 0001:0001bd30       ?Destroy@?$MxCollection@PAVMxPresenter@@@@SAXPAVMxPresenter@@@Z 1001cd30 f legoworld.cpp.obj
 0001:0001bd40       ??0?$MxList@PAVMxPresenter@@@@QAE@XZ 1001cd40 f legoworld.cpp.obj
 0001:0001bdd0       ??1?$MxCollection@PAVMxPresenter@@@@UAE@XZ 1001cdd0 f legoworld.cpp.obj
 0001:0001be20       ??1?$MxList@PAVMxPresenter@@@@UAE@XZ 1001ce20 f legoworld.cpp.obj
 0001:0001beb0       ??_GMxPresenterList@@UAEPAXI@Z 1001ceb0 f legoworld.cpp.obj
 0001:0001beb0       ??_EMxPresenterList@@UAEPAXI@Z 1001ceb0 f legoworld.cpp.obj
 0001:0001bf20       ??1?$MxPtrList@VMxPresenter@@@@UAE@XZ 1001cf20 f legoworld.cpp.obj
 0001:0001bf70       ??_G?$MxCollection@PAVMxPresenter@@@@UAEPAXI@Z 1001cf70 f legoworld.cpp.obj
 0001:0001bf70       ??_E?$MxCollection@PAVMxPresenter@@@@UAEPAXI@Z 1001cf70 f legoworld.cpp.obj
 0001:0001bfe0       ??_G?$MxList@PAVMxPresenter@@@@UAEPAXI@Z 1001cfe0 f legoworld.cpp.obj
 0001:0001bfe0       ??_E?$MxList@PAVMxPresenter@@@@UAEPAXI@Z 1001cfe0 f legoworld.cpp.obj
 0001:0001c090       ??_E?$MxPtrList@VMxPresenter@@@@UAEPAXI@Z 1001d090 f legoworld.cpp.obj
 0001:0001c090       ??_G?$MxPtrList@VMxPresenter@@@@UAEPAXI@Z 1001d090 f legoworld.cpp.obj
 0001:0001c100       ??1MxPresenterList@@UAE@XZ 1001d100 f legoworld.cpp.obj
 0001:0001c150       ??0Vector3@@QAE@PAM@Z      1001d150 f legoworld.cpp.obj
 0001:0001c170       ??0Mx3DPointFloat@@QAE@XZ  1001d170 f legoworld.cpp.obj
 0001:0001c190       ??0MxEntity@@QAE@XZ        1001d190 f legoworld.cpp.obj
 0001:0001c210       ?Compare@LegoPathControllerList@@UAECPAVLegoPathController@@0@Z 1001d210 f legoworld.cpp.obj
 0001:0001c230       ?Compare@?$MxCollection@PAVLegoPathController@@@@UAECPAVLegoPathController@@0@Z 1001d230 f legoworld.cpp.obj
 0001:0001c240       ??0?$MxList@PAVLegoPathController@@@@QAE@XZ 1001d240 f legoworld.cpp.obj
 0001:0001c2d0       ??1?$MxCollection@PAVLegoPathController@@@@UAE@XZ 1001d2d0 f legoworld.cpp.obj
 0001:0001c320       ?Destroy@?$MxCollection@PAVLegoPathController@@@@SAXPAVLegoPathController@@@Z 1001d320 f legoworld.cpp.obj
 0001:0001c330       ??1?$MxList@PAVLegoPathController@@@@UAE@XZ 1001d330 f legoworld.cpp.obj
 0001:0001c3c0       ?Destroy@?$MxPtrList@VLegoPathController@@@@SAXPAVLegoPathController@@@Z 1001d3c0 f legoworld.cpp.obj
 0001:0001c3d0       ??_ELegoPathControllerList@@UAEPAXI@Z 1001d3d0 f legoworld.cpp.obj
 0001:0001c3d0       ??_GLegoPathControllerList@@UAEPAXI@Z 1001d3d0 f legoworld.cpp.obj
[...]
FIXUPS: 485f7 14 4b 38 1f f 73 8d 74 69 3c 4d 25 f 7b 90 16 27 1a 1f 4d
FIXUPS: 4791d a 8 48 6 39 8 34 2f 8 44 8 2a 6 11 e 59 8 51 22d 15c 20 22
FIXUPS: 47fd8 37 29 1f 44 47 20 9e ab ffffeda6 36 2a 30 22 18 9 2a 2c 2d
FIXUPS: 471d0 25 d 22 20 94 22 16 22 cf a 8 1c 23 10 5f a 8 60 29 36b 6
FIXUPS: 46afe 8 8 a 8 52 79 13 6a 24 1f 24 1c 24 1c 24 22 d d e 9 54 e
FIXUPS: 46e12 e 98 30 36 22 22 3f 20 fffff0e1 52 10c 73 7 76 82 40 22 25
FIXUPS: 46418 8e 25 16 25 1b2 7d 21 44 e 71 a 39 11 1f 85 3e 42 51 38 1e
FIXUPS: 46a73 ffffecb1 48 2d 21 b a 8 46 8 48 8 36 f 2d 76 5d 62 49 8 50
FIXUPS: 45ac5 4d 12 2f be 28 1a 18 d6 21 7a 288 476a 5 23 7 5 15 f 66 28
FIXUPS: 4a8c0 ffffa6a2 28 32 4d 3e 62 b b b 8 b b b a 8 d6 a 3f 11 13 490
FIXUPS: 4571a 5c38 9e 1a 9 c 7 32 39 10 10 10 10 10 10 12 42 a0 86 6f 8
FIXUPS: 4b72c 9d 12 5 c 9 5d 36 11 7 23 ffffef02 600 40 20 8 50 8 e c7
FIXUPS: 4af60 7 d d 22 8 a 8 36 4c 8 24 9 41 20 8 50 8 ab 5 3f d2 27 2d
FIXUPS: 4c637 59 48 ffffe21a 4b 8 ff d 3b 9 17 c 7 23 8 30 18 b 2f 5e 87
FIXUPS: 4ac8a 14 42 8 8 a 8 43 20 8 50 ea3 13 5d a 8 12 8 9 27 2c 30 72
FIXUPS: 4be7a 16 b 53 2e 38 82 133 1a b 5b 6a 5d 3a 69 c3 8a c 53 ba 1863
FIXUPS: 4ddc6 8 52 15 79 a 1dd 20 8 ffffd835 48 8 a2 d 3f 2f 2e 8 f 5a
FIXUPS: 4bb0b d d d d 47 7 58 e 13 e 1e5b 21 7 3f 21 e 1b 17 17 17 17 17
FIXUPS: 4dbaa 17 17 23 f 7 1a 7 7 7 5a 7 16 7 1a 7 2a e 7 34 fffffa38 9
FIXUPS: 4d79a 37 2c 47 18 18 18 18 18 18 20 11 7 7 11 6 7 18 14 14 14 14
FIXUPS: 4d9ad 14 9 7 55 17 17 c fffff826 d4 21 6e 30 14 19 11 24 1b a c
FIXUPS: 4d4f9 39 63 35 2c 2c 32 f b 31 7 35 8 17 7 5 9 11 f 2a fffff412
FIXUPS: 4cb72 5d 14 7 35 2a 7 14 7 10e 7 3f 35 15 15 15 98 88 7 e 7 6c
FIXUPS: 4d0fc 131 7 e 7 e 7 1b 6 eae 6 7 1b a 8 ffffe5db 70 8 19a d 3c
FIXUPS: 4c9a4 23 8 36 b 1c 7 11 1f 20 7 10 7 f 18 9 4e 5 16 1d 1cd7 2a
FIXUPS: 4e89c 5 11 1a 13 a 7 1d 7c 6 2d 7 a f 7 11 7 c 7 c 7 5b 3c 7 24
FIXUPS: 4eaeb 8 b a 9 fffff96c 13 1a 13 a 7 1d 72 7 d 7 21 19 31 17 6 4a
FIXUPS: 4e652 8 b a 9 3d 20 8 50 8 40 20 8 50 8 ef0 48 8 14c 39 19 49 a0
FIXUPS: 4fc67 13 d 12 3a ffffe4cf f 11 23 a 8 12d d 60 a 8 4e 23 7 1e 1a
FIXUPS: 4e45a 13 b ddd 20 8 3b 3f 46 15 63 18 12 25 6 19 46 1e 46 8 8 a
FIXUPS: 4f4ef 46 20 8 50 8 40 20 8 48 20 8 50 fffff6dd 3f 23 4d 9 d d d
FIXUPS: 4eea7 8 64 8 5a 3a 8 3c 6 18 1b 8 41 20 8 50 8 46 20 8 52 30 22
FIXUPS: 4f20f 3636 10 11 13 11 13 11 13 14 ffffc297 2e 8 12 51 8 1c 17
FIXUPS: 4ec8f 8 8 8 1a 27 12 12 1a a 17 15 f 18 d 3511 2e 14 7 13 2e 14
FIXUPS: 52346 13 37 2e 14 7 10 33 f 7 16 3a 3a 7b 70 17 7 18 81 1c a b
FIXUPS: 527d0 7 5d fffff630 37 59 12 33 4a 7 1a 43 10 1e 10 1e 10 1e 10
FIXUPS: 5209f 10 1a 1e 10 1e 10 1e 10 1e 10 84 40 2e 14 7 fffff6b9 7 7
FIXUPS: 51969 15 15 44 7 7 7 13 8 9 9 11 55 27 153 28 28 53 15 2c 17 56
FIXUPS: 51d5c 2c 17 59 12 2c 17 fffff608 4f 29 52 62 19 3a a7 e e 59 87
FIXUPS: 517d7 44 e 40 24 22 7 2d a b 9 9 7 5 7 7 7 7 7 7 fffff679 2c 21
FIXUPS: 5102a a b 6e 8 2e 54 1c 37 17 8 24 9 5f 20 8 36 55 1c 31 22 8 8
FIXUPS: 5138b 9 41 20 8 50 fffff865 7 5 17 56 1c 7 a 30 f 10 7 9 24 2b
FIXUPS: 50e15 5 14 3b 5f 19 14 8 8 8 b 3d 5 7 8 16 1f fffff977 12 15 15
FIXUPS: 50966 2e 11 9 36 a 17 7 53 7 24 5 7 5 1b 7 d 7 a 27 53 16 44 39
FIXUPS: 50bfa 5b 16 3e fffff7bf 36 2a 95 e 75 18 3a 3e 33 e3 26 15 15 15
FIXUPS: 50800 15 d 13 12 7 7 13 2b 2a 1d 7 7 7 c 7 c fffff6db 11 7 6 7
FIXUPS: 50013 3d 49 51 2f 7 d 24 2d 7 7 7 7 c 7 c 7 39 74 4f 6e 6d 33 1b
FIXUPS: 50401 f 11 fffffa03 d 44 13 9 7 5 9 9 9 7 3c b 8 18 7 c 11 7 5
FIXUPS: 4ff64 10 12 17 7 5 14 7 b 7 7 7 3276 14 6 14 6 14 6 14 6 14 6 14
FIXUPS: 532f6 14 6 14 6 14 6 14 6 14 6 14 6 ffffc973 20 8f 7 33 b 8 32b5
FIXUPS: 530ce 6 14 6 14 6 14 6 14 6 14 6 14 6 14 6 14 6 14 6 14 6 14 6
FIXUPS: 53206 6 14 6 14 6 14 fffffc76 26 13 26 24 d d d d d d d d d d d
FIXUPS: 52fe9 d d d d d d d d d d d d d d e fffffa8d 26 13 26 13 26 13
FIXUPS: 52c0b 13 26 13 26 13 26 13 26 13 26 13 26 13 26 13 26 13 26 13
FIXUPS: 52e45 13 26 13 26 76a 8 1b 9 26 1c 7 9 25 10 2b 4a fffff1b7 26
FIXUPS: 52939 26 13 26 13 26 13 26 13 26 13 26 13 26 13 26 13 26 1af0 dd
FIXUPS: 54722 11 12 11 c 18 e5 12 11 13 11 c 26 7 20 8 a 8 10 d a d 14f
FIXUPS: 53462 14 22 8 104 d 4d 2fb 20 7 1e 7 17 c 3c 13 7 4b 32 2b 13 7
FIXUPS: 53acb 32 1c0 10 11 6a 10 11 98 390 38e 51 10 11 23 9 2d 1fdb 3e
FIXUPS: 5661e 3c bb 7 6 7 11 7 21 7 13 7 6 7 25 53 66 c 7 11 7 ffffcf18
FIXUPS: 5381f 11 3c 8 10 d 3d 23 2a74 e 1d 7 11 7 22 7 2a 7 47 f d 11 d
FIXUPS: 56498 e 11 20 10 11 11 14 7 28 7 d 7 13 7 a 1d fffff8c3 11 7 18
FIXUPS: 55ead 24 1b 16 27 b b e e 7 14 1a 26 d 27 a b 22 21 d b3 a b3 17
FIXUPS: 5627f 19 b6 a fffff81e 16 5d 95 7 30 18 11 11 24 7 21 7 d 16 26
FIXUPS: 55d93 f 7 7 7 15 e 7 12 16 2a 8 f 7 7 7 fffff797 7 52 50 2b c 5
FIXUPS: 556e7 1c 7 52 24 71 e 18 19 b 17 f 23 3c 15 e2 f 21 24 12 22 c3
FIXUPS: 55b09 43 25 ffffef84 29 21 7 23 8 a3 d 3c 7 23 8 23 19a 25 21 b
FIXUPS: 54eb4 e 18 1cb 37 11 2b 21 3e4 20 49 35 c 5 c 2352 226 fd 78 a7
FIXUPS: 57dad 78 a3 7d 1b 34 111 7d 40 22 25 1f 8e 25 16 25 cd 29 35b 3d
FIXUPS: 58775 19 c7 a 52 11 ffffc223 26b5 a 59 8 48 8 bd 1d 3e f 3f b a
FIXUPS: 573d8 8b 21 30 e 76 a 39 11 48 1d5 a4 7 55 a 12 e 31 1a 3cf8 2b
FIXUPS: 5b648 9 7 45 1a 6 66 b 46 ffffb31e 28 32 4d 3e 46 b b b 8 b b b
FIXUPS: 56c11 8 42 a 3f 11 13 498 3f4f 8 37 ba 8 8 a 8 1d c 17 f 29 7 13
FIXUPS: 5b2bc 5e 16 f 1b 8 4c 7 15 13 24 19 7 8d 82 c 4f fffff5f5 4c 4c
FIXUPS: 5ac29 9 7b a 1f d 1b 9 a 36 58 9 3a b2 4e 8 8 a 8 3d 47 93 5a 8
FIXUPS: 5b085 8 8 8 8 fffff346 b 47 8 48 8 3f 15 2b d 4c 8 f d 4c 8 31
FIXUPS: 5a63b 123 49 49 4c 4c 4c 4c 4c 4c 4c 4c 4c 4c 4c ffffef01 20 8
FIXUPS: 59aad 8 46 20 8 52 30 22 8 46 20 8 1f 8f a 3f 11 13 498 3a a 50
FIXUPS: 5a299 64 8 48 1a 6 5c fffff365 1f 1c 31 7 12 11 d d d d d d d d
FIXUPS: 59839 d d d d d d d d d e 8 7f 8 5a 3a 8 fffffb24 b 8 1f 7 19 c
FIXUPS: 5958a 12 b 8 1f 7 19 c 21 12 b 8 1f 7 19 c 21 12 b 8 1a 5 5 8 15
FIXUPS: 591e0 17 3a 35 b 8 b b b b 8 15 7 1c 14 1c 17 1c 14 1c 17 1c 18
FIXUPS: 593d9 5a 8 8 8 68 19 c 21 fffff924 5 d a 26 8 3b 24 17 11 2b b
FIXUPS: 58f2c 1c 12 1c 15 1c 70 1c 57 1c 1a 37 1c 12 43 8 b 33 8 d 3cc0
FIXUPS: 5cefc 44 74 26 c2 8 a e ffffb966 12 11 26 a 8 b7 d 3b 30 a 8 16
FIXUPS: 58c58 10 25 6 38 6 6c 6 8c f 3b9e 8 8 8 8 a 8 40 64 a8 8 8 8 5
FIXUPS: 5cb72 30 18 14 39 9 1d 21 c1 a3 8 8 8 8 8 a 8 30 fffff1c8 6e 113
FIXUPS: 5c33f 15b e 70 64 c 8 8 8 a 8 38 e 99 3c 8 8 8 a 8 d9 24 8 a 8
FIXUPS: 5c846 53 96 1b fffff229 54 a 8 4a 8 3a a 5e 2b 37 8 a 8 42 20 8
FIXUPS: 5be0d 2b 31 1e 8 a 8 44 20 8 50 8 40 20 8 fffff819 9c b 8 a 8 a
FIXUPS: 5b8d4 d 3b 2d a 8 2a 1b 1e 1a 5b 8 8 8 1d 1e 55 c 8 8 8 17 7 3f
FIXUPS: 5bb6a 1864 13 d 13 d 13 d 13 d 13 d b 15 44 13 17 14 16 14 8a 10
FIXUPS: 5d5df 7 10 1e 16 10 a 16 ffffe15c 10 11 2613 a 7 7 7 a a 7 16 1f
FIXUPS: 5d11f 84 66 7 2f f e a 14 12 15 63 7 24 11 7 1f 1b d 13 d 13 596
FIXUPS: 5d95e 5 2a 27 1b 7 5e 9d 26 26 1a 26 1a 26 1a 26 1a 42 26 1a 26
FIXUPS: 5dcb9 26 1a 26 1a 26 19 7 1e 7 301 49 2a fffff56a 1e 7 22 8 143
FIXUPS: 5d821 3b d 7 9 7 5 14 7 23 8 f c 7 6 7 7 7 a 7 14 7 12 e1c d a
FIXUPS: 5e780 22 40 20 3a a 8 10d 20 8 4d 15 1e a 60 4e 2a 15 2f a b fffff364
FIXUPS: 5deb6 22 8 55 20 8 97 45c 11 7 25 2a 12 12 16 7 39 7 c 4d 8 7 17
FIXUPS: 5e5be 28 8 7 17 7 28 8 7 17 7 14 9c 32 a 7 fffff9f7 12 24 7 26
FIXUPS: 5e1bf 8 13d d 3b d 7 9 7 9 7 9 7 30 a 8 19 c 7 6 7 7 9 7 5 e 10
FIXUPS: 64ed4 3a 79 3c 8 8 a 8 2d 45 a 8 cb d 3f f 26 8 56 43 b 9 40 6b
FIXUPS: 6532b 2d 21 12 8 4c 10 132 fffff0e5 e7 10 2a 93 12 10 2a 5 12 10
FIXUPS: 64857 47 a3 1d 1c a 52 4c 1c 12 30 8b 124 3e 12 79 199 f 5 c 1c
FIXUPS: 63fd8 16 46 a b5 7 3a 23 34 b5 74 1f 22 7 94 3a 18 7 29 44 3d 7
FIXUPS: 644ad 7 19 5d 17 7 5d 21 17 24 fffff55d 8 8 a 8 60 28 3e 28 28
FIXUPS: 63cba 22 21 1d d 64 7 23 21 40 7 b 4b 7f d 7 3d 38 8 8 a 8 fffff6b8
FIXUPS: 6365d 48 20 8 50 8 48 8 48 81 6 1a 7c 39 c 8 8 a 8 41 76 7 3c 33
FIXUPS: 63a76 8 a 8 39 69 7 fffff603 7 10 4f 2a 3c 9a b 7 2d 80 4a 15 14
FIXUPS: 633db 4a 46 7 4f d 7 3b 8 8 a 8 43 20 8 50 8 40 fffff3fd 56 1b
FIXUPS: 62aad d 1f 1a 74 49 7 4a 7 1c 7 76 10 7 4e 37 7 e 21 21 51 49 3c
FIXUPS: 62e71 20 133 7 5 8d fffff44c 14 3d 8 8 a 8 38 6f 7 22 12c 28 15
FIXUPS: 6277b 17 14 34 18 af 7 1a 1f 7 22 10 7 31 7 81 15 5 fffff25d 8
FIXUPS: 61c61 8 a 8 27 2b 1b 59 7 22 10 7 31 7 52 35 b6 45 4b 29 45 46
FIXUPS: 6203f 112 7 120 102 4a 46 3d fffff2af 8 8 24 8 8 a 8 26 38 8 16c
FIXUPS: 619c2 8 8 a 8 53 93 e 7 9 6e 1f c 1d 7 b 78 7 12 8 fffff604 c 8
FIXUPS: 61269 8 1a 16 8 8 a 8 62 20 8 50 8 40 20 8 48 20 8 50 8 48 8 3b
FIXUPS: 615e2 73 7 a 6d fffff577 13 27 47 9 e b 38 7 22 4a 3c 8e 2c 2c
FIXUPS: 60ee5 21 26 42 c 75 49 16 c9 7 a 10 19 7 a 1b 79 fffff61a 2c 3a
FIXUPS: 60885 7 18 3e c 10 7 13 29 2a d 4f 9 e b 3c c 7 a4 4b 35 2c 3a
FIXUPS: 60bd1 7 18 3b c c fffff35a 8 46 20 8 52 30 22 8 46 20 8 26 68 e9
FIXUPS: 602dc 61 b9 2d 1d 1f a 39 10c 85 b e 2c 26 3c 7 b7 fffff2cb 1d
FIXUPS: 5fac6 30 53 54 68 16 4e 8 8 8 18 16 5a 8 8 8 1e 71 e d e 8 62 8
FIXUPS: 5fea5 3a 8 3e 20 8 fffff5e8 46 20 8 52 30 22 8 46 20 8 36 dc 7
FIXUPS: 5f7ed 7 2f 8 8 28 1f 7 12 8 18 8f 10 18 8f 1c 17 1b fffff4df 14
FIXUPS: 5ef41 29 48 1f 7 22 10 7 32 7 73 152 73 19 16 4e 8 8 8 29 9 8a
FIXUPS: 5f3db 5a 3a 8 3e 20 8 50 6680 b f 7 ffff8fb4 a7 6 7 5 2c 8 a5 d
FIXUPS: 5ed5d 14 20 7 20 a 7 10 7 34 11 1c 7 26 8 34 21 7 4d 68c5 8 32
FIXUPS: 65838 11 12 29 9 21 20 7 19 7 16 9 9 9c 43 8 24 c 9 1c 7 37 1c
FIXUPS: 65aba 33 48 12 12 47 8a3 41 12 58 35 1a 26 1a fffff68e 79 1a 42
FIXUPS: 65d12 182 2c 4c 9 31 9 fffff623 30 8 a d 52 8 e7 3c 8 e d 3b 20ca
FIXUPS: 67871 43 20 40 2a b b b b b b 8 8 b a 8 56 8 33 23 8 13 5d 8 7b
FIXUPS: 67b76 11 6 7 ffffe586 274 1066 13 13 1e f 6 28 8 8 8 8 a 8 34 18
FIXUPS: 67509 28 26 aa 57 2e 3f 21 f 19 19 1b 32 33 2e 4c 9 fffff805 b
FIXUPS: 67045 b 8 11 3d 7 18 41 3d 27 c 2b 1e 25 34 2e 1e 1e 54 8 a 8 3e
FIXUPS: 67351 8 2d 14 10 2a 14 fffff910 1d 1b 3f 15 15 16 17 f 19 19 24
FIXUPS: 66e3a 6 14 2b 15 36 14 19 19 2b f 6 c 42 4f b b b b b fffff79a
FIXUPS: 667c3 7 18 3d 7 2b 8 a 8 2f 18 b 2f 5e 62 39 42 8 8 a 8 10 1b 7
FIXUPS: 66a91 d4 18 8e 10 18 8e 14c0 7 10 7 57 17 1c 7 21 7 45 7 d 16 1c
FIXUPS: 682ff 1c 1c 21 d 7 13 8c 7 ffffe1d0 36 8 134 d 49 7 6 1743 14 7
FIXUPS: 67f72 14 7 17 5 1e 14 14 14 14 14 14 9 7 1b 1a 8 17 7 5 9 11 f
FIXUPS: 68108 22 18 8 26 7 5ce1 49a 38 a 59 8 48 8 30 15 28 f3 ba 2d 11
FIXUPS: 6e684 a8 2be 10 ffff91d8 43 8 1d8 20 8 20 7 22 7 f 53 e 5b8d 10
FIXUPS: 6da84 7 e 18 12 21 1a 8 1e d 9 13 4a 39 2b 53 35 36 13 13 43 64
FIXUPS: 6dd8e 8 a 8 43 a 3f 11 fffff6ea 46 20 8 16 21 21 8 1a c 9 4b 31
FIXUPS: 6d6b4 32 7 7 1a 6e 3b e 8 35 21 20 a 8 17f d 3d 23 8 fffff6a1 10
FIXUPS: 6d11b 7 e 16 3f 16 4e 8 8 8 30 c 9 5d 8 5a 3a 8 f 3f 20 8 50 8
FIXUPS: 6d45b 20 8 52 30 22 fffff230 8 17 8 a 8 26 61 a 16 38 21 193 5a
FIXUPS: 6caaa c 9 c3 140 cc 64 21 20 a 8 19f d 4c 8 39 23 8 ffffee82 26
FIXUPS: 6bf6b 3f 25 23 22 22 35 16 26 2e 1d 9b a 8 6d 2d8 15 64 8 35 a
FIXUPS: 6c609 9 1c 3e 41 7 26 55 8 fffff126 64 10 12 a0 e6 20 19 94 67
FIXUPS: 6bbc5 28 14 40 2e 3f 8 8 2a 21 1e 3b af 26 f 43 24 1e 19 e 16 1a
FIXUPS: 6b10c 9 71 68 5d 9c 75 10 14f 16 12 9 6b 12 22 18 5e 7 7 d f 9
FIXUPS: 6b6b4 7d b 4b 12 9 9 51 4c c fffff235 76 6 d 7 26 8 8 a 8 1e 7
FIXUPS: 6ab90 7 13 48 12 11 e 10 20 1d 35 28 a8 140 cc 6e 26 5e c 63 ffffec8b
FIXUPS: 69d75 46 a 3f 11 13 492 40 a 59 8 48 8 3e 20 10 1b 6 f 22 23 11
FIXUPS: 6a4be 6 d f4 ba 2d 11 47 a8 fffff01e 7 3a d1 10 a 38 1a 2c 1f 32
FIXUPS: 699ce 3c 76 d d 2c 1c 8 8 a 8 4c 35 5b 10 27 89 3a 79 8 8 fffff6ec
FIXUPS: 69456 2d 5c f b 7 10 9 17 43 2b e 9 34 16 4e 8 8 8 1c 34 d 14 1a
FIXUPS: 69739 1e 15 7 10 24 9 fffff871 19 1c 1c 12 12 b 1c 3f 2b e 8 25
FIXUPS: 6917d 46 a 3b 64 6a 16 4e 8 8 8 40 9 11 1b 7 39 2e f fffff29c 5f
FIXUPS: 68799 27 23 20 18 31 8 f 7f 30 25 16 16 b 1c 1a a 8 47 8 46 a 3f
FIXUPS: 68aa5 13 492 40 a 4e 1c 8693 7f 1f 1f 1f 21 24 2b a 8 115 d 8c
FIXUPS: 719a5 ffff6a9e 14 11 14 14 42 23 b 8 8 8 a 8 12a d 3d 30 a 8c0a
FIXUPS: 712ec b 31 2d 11 11 7 c 26 a b 3c 33 1e 31 a b 2d 2e 15 24 a b
FIXUPS: 71575 2e 1b 24 a b 2d 58 fffff898 11 10 7 a 7 49 2b 55 a 8 48 27
FIXUPS: 710bc 9d 27 1a 7 25 7 7 7 14 a 27 8 8 a 8 33 2e 1b fffff977 7 5
FIXUPS: 70c4d e 8 8 1c 17 29 a 7 5 e c db 54 7 67 25 7 5 7 5 7 7 7 5 7
FIXUPS: 70ef9 7 5 fffffa02 10 1e d 10 1c 21 7 1e 5 12 8d 27 c 1f a 7 7
FIXUPS: 70acf a 7 1d 2d 2d 3d 7 1d 7 1d 7 17 7 fffff92a 15 6a 30 f d 5
FIXUPS: 7060e 30 f d 5 13 2e f 7 13 2e f 7 13 28 14 5 7 11 3a d 11 10e
FIXUPS: 708f2 8 fffff910 f 47 f 2a d 12 e 9 b ba 7 29 5 11 d 7 1d 8 19
FIXUPS: 70431 11 d 7 1d 8 15 25 22 15 15 15 fffff917 32 65 17 93 5 7 9
FIXUPS: 6ffa8 5 7 9 25 5 7 9 25 5 7 9 25 5 7 9 5b 7 24 11 11 11 11 c4 fffff74f
FIXUPS: 6f967 4a a 13 13 13 13 13 13 13 13 13 13 13 13 13 13 1f 45 49 49
FIXUPS: 6fc04 45 49 49 f 2b 1c 7 51 5a fffff91c 7 1e 30 7 d 11 7 5 39 18
FIXUPS: 6f7df 12 7 7 7 1e 30 30 7 d 11 7 5 2c f 8 5 17 f e f fffffa76 7
FIXUPS: 6f3ca 7 4d 1c 26 7 a8 13 7 2e 2a e f a 1a 2c 39 7 c f f 9 2f 7
FIXUPS: 6f6a3 1b 18 9 12 7 fffff8b1 14 11 1c 23 7 c 7 7c 6a 10 7 3c 9 3f
FIXUPS: 6f1af 45 19 39 16 12 19 1c 19 45 22 10 8 7 29 7 2c fffff96b 5 d
FIXUPS: 6ed22 9 7 5 3c a 8 1a e 7 6 7 a 7 16 7 b9 11 7 11 7 12 7 7 25 2f
FIXUPS: 6ef5e 15 1b 2b18 b a 8 6f b 3f 24 5 11f 20 10 7 10 1c d ffffcd18
FIXUPS: 6ea5e 15 59 9 7 44 a 8 132 d 4e 7 2c 7 9 4d17 a 2b 62 d 10 7 9
FIXUPS: 73ae7 8 19 275 12 6 7 6 7 c 18 12 8 7 5 2a 37 7 7 7 13 ffffdb6b
FIXUPS: 71a88 12 198a 2c 7 52 10 a 2b 2c 3b 38 38 37 d 3b 38 38 37 d 3b
FIXUPS: 7376b 38 37 d 3b 38 38 37 55 44 d 44 56 fffff705 a b f 1e 7 3d
FIXUPS: 731ad 46 5c 7 1e 7 5 7 7 7 5 17 5 2b 7 25 14 7 d 8 37 9 38 9 5f
FIXUPS: 72d1c 7 5 2c b 6 7 5 a 7 6 7 5 9 d f 8 10 36 60 10 a 8 17 55 23
FIXUPS: 72f1f e f5 7 67 17 fffff95f 16 20 a 20 4a 24 fb 3c 2b 7 c 10 7
FIXUPS: 72c66 7 6 7 5 17 7 5 14 7 b 7 7 7 5 e 10 b fffff728 41 15 64 8
FIXUPS: 72634 d 4c 8 39 9 7 5 4d 1a 1b b 8 1f 20 e 10 65 16 3f 7f c a 30
FIXUPS: 72964 60 12 fffff5cb 38 7 31 24 21 33 2a a b 5d 1a 7b 37 14 45
FIXUPS: 72296 20 21 14 76 11 e 11 f 7 28 e e 1a 1b b 1d41 4e 20 2f 48 5a
FIXUPS: 742b3 8 a 8 3d 2e 55 ce 8 33 7e 8 4a 5f 8 ffffd7b2 24 57 21 5a
FIXUPS: 71e86 2e 35 11 25 54 42c8 7 d a 7 1e 19 ab 50 51 a 8 106 20 8 4d
FIXUPS: 76585 7e a ffffd8b5 17 2a 8 f9 d 3b 2e 8 38 1b 2f 5e 1d68 20 17
FIXUPS: 75f08 c 37 a b 77 7 16 2c 25 18 7 c 32 b 49 2c 25 18 7 c 2f a b
FIXUPS: 761f0 10 7 23 a fffff97d c 3a b 16 20 17 7 c 3a b 23 20 17 7 c
FIXUPS: 75d4e b 16 20 17 7 c 3a b 27 20 17 7 c 3a b fffff9c1 48 20 17 7
FIXUPS: 75907 3a b 16 20 17 7 c 3a b 27 20 17 7 c 3a b 16 20 17 7 c 3a
FIXUPS: 75b4c 27 20 17 fffff92d 27 20 17 7 c 32 b 16 20 17 7 c 2f a b 10
FIXUPS: 75640 34 10 7 c1 22 10 49 25 7 2a 10 7 24 7 fffff996 7 c 32 b 27
FIXUPS: 7528c 17 7 c 32 b 12 20 17 7 c 32 b 27 20 17 7 c 32 b 16 20 17
FIXUPS: 7548e c 32 fffff9a6 24 18 7 c 43 b 5 50 72 20 17 7 c 32 b 16 20
FIXUPS: 750aa 7 c 32 b 27 20 17 7 c 32 b 16 20 fffff78f 7 29 2a 15 12 14
FIXUPS: 74a1c 7 63 15 1a e 1d 140 25 17 7 c 33 b 11 43 25 18 7 c 2e 1a
FIXUPS: 74da3 b 42 fffff86e 7 22 8 145 d 3c 7 5 d 7 9 7 5 21 7 2d 8 1b
FIXUPS: 748d6 7 6 7 7 d 7 14 7 28 11 7 6 202a 1a 12 7 9 8 17 7 5 9 11 25
FIXUPS: 76a3e 26 7 a 7 6 7 57 17 1c 7 21 7 26 d 7 13 8c 7 ffffd9e0 3c8c
FIXUPS: 782a4 1a 12 7 a 8 2d 10 7 62 2a 36 ffffe845 10 1d fffffa31 4a 8
FIXUPS: 768b5 20 8 1d 7 23 5 17 10 10 10 10 9 15de 17 7 c 1c a b 3a a 52
FIXUPS: 7807c 18 7 c 72 a b 2d 2f a 7 7 d a 7 1e 7 28 1e 19 1a 16 fffff8de
FIXUPS: 77b59 48 8 8 20 5b 7 32 8 15 1b 8 a 8 2d b 7 3a 51 1a 11 cb 29
FIXUPS: 77ec4 18 7 c 1a 23 b 10 fffff83d 7 7 a 7 7 a a b 16 7 a 8 36 10
FIXUPS: 77845 9d 14 7 52 51 7 48 8 8 24 55 7 48 8 8 20 fffffa1a 7 33 12
FIXUPS: 7757d 28 4b 7 17 7 22 7 b 24 18 7 c 22 7 f 7 7 d b 5 7 b 24 18
FIXUPS: 77750 c 21 fffff8ed c 7 6 7 7 9 7 5 11 7 a 7 1e 33 f 2d f 38 12
FIXUPS: 771c6 7 a6 7 e 7 5 8b 8 7 1b2 8 23e1 1c 28 e1 80 f ae e3 2d 44
FIXUPS: 79cc7 c0 60 5c ffffcf03 74 7 38 8 133 d 99 7 5 d 7 9 7 9 7 39 8
FIXUPS: 7931b 2d 97 14 53 1b 6e 1f 10 18 22 e 18 24 d d e 9 47 10 1f 21
FIXUPS: 79669 9 1b 19 2a 2d 43 2d 46 33 fffff39b 34 26 21 24 21 1a d5 11
FIXUPS: 78d4f 1b f 63 e 2b a 256 12 1c 1a 11 ba 2b 11 1c 1f 34 28 45 20
FIXUPS: 792fb 12 fffff357 d 6c 16 1e 32 35 a 8 23 19 c 5 ba 39 2c 1f 24
FIXUPS: 7895d 26 29 9 5a 55 5 51 23 1a 11 3a e c 13a8 8 a 8 136 d 3d 23
FIXUPS: 7a0c9 21 14 7 10 e 41 15 18 e 23 53 e 8 f 36 a b 9 ffffe197 e a9
FIXUPS: 784e6 8 2156 7 a8 1a 7 a 13 22 74 11 7f 52 5a 34 6 7 17 a 8 30
FIXUPS: 7a9b6 27 9 2a fffff463 14 11 14 14 14 20 8 243e 5f 7 9 18 f 81
FIXUPS: 7c464 13 16 af 5 7 5 65 38 c ffffdcdc 79 8 101 d 3b 2e 8 38 17
FIXUPS: 7a528 d1 2b 6 7 14b1 42 57 8 8 8 8 a 8 c3 121 45 46 4e c 231 b1
FIXUPS: 7c160 8 a 8 2c 77 40 8 8 a 8 2b 9 32 23 ffffefce 16 6 61 8 5a 3a
FIXUPS: 7b3f7 3e 20 8 4e 20 8 52 30 22 8 4e 8 7d 21 20 86 88 9c 8 f a3
FIXUPS: 7b970 de 4f fffff448 1c 23 2f 49 f 20 c 13 25 1d 18 12 f f 7 17
FIXUPS: 7b0e3 8 8 1a af d d d c a 8 37 16 76 a 3087 48 8 ffffc69f bb 8
FIXUPS: 7ab24 d 3b 36 8 31 1f 2a 9 54 8c 2b 15 29 7 10 18 17 17 8 11 14
FIXUPS: 7ae23 16 8d d 3027 b b 38 88 7 23 7 c 86 45 d 8 8 8 3e 8 8 a 8
FIXUPS: 7e1a5 20 8 50 8 40 20 8 48 20 8 50 fffff710 8 40 20 8 48 20 8 50
FIXUPS: 7db95 48 8 40 20 8 50 8 46 20 8 52 30 22 8 46 20 8 48 20 8 1d 36
FIXUPS: 7d535 3a 8 44 20 8 52 30 22 8 46 20 8 50 8 5e 8 5a 3a 8 42 7f 4e
FIXUPS: 7d981 8 8 8 a 8 3a 20 8 fffff735 16 2d 1a 71 15 b 15 b d 2d 58
FIXUPS: 7d2fa 10 2a 45 2f 4d 8 8 8 9 d c 9 d d d e 8 5e 8 fffff7a0 1c 16
FIXUPS: 7ccba c2 13 b4 6 19 ad 2d f 47 1f 11 9 27 1a 4f d d d d c 8 8 8
FIXUPS: 7d0cd 27 12 13 18 18ab 94 7 ffffdf3d 26 5 2a 10 4f b 26 1f 22 a
FIXUPS: 7caf7 10 46 1c 16 f 1c 13 17 6 12 17 13 13 6 a 1c 16 1b0b 17 7
FIXUPS: 7e799 9 11 15 1e 28 15 8 e 7 7 7 10 7 2b 11 11 11 11 1c 33 15 19
FIXUPS: 7e968 7 2b d 7 1c a78 b 52 4b 68 a 8 9d ffffedd1 4a 8 1d1 20 8
FIXUPS: 7e63a 7 22 7 25 e 1d 14 7 2f 5 11 7 a 9 7 1c 17 690 28 a b 1e 8
FIXUPS: 7ee69 42 25 62 8 cd 55 8 63 c1 e cb 7 17 57 8 67 c 19 e e 47 b
FIXUPS: 7f3f1 f 38 f00 ffffe77d b f 1a 7 4f e b a 8 9a d 3b 14 7 8 42 e
FIXUPS: 7ecca a 8 e b 3a 13 7 e 4a 26 1e 12 113a d d f a 8 21 13 f 5 f
FIXUPS: 8000a ba 2c 23 a b 9 f 5 f c8 1a 13 7 2a 1a 35 3d f f 5 fffff695
FIXUPS: 7f9ce 1c 16 1a c8 13 c0 6 19 ad 2d f 47 1f 18 9 31 19 d b 6 12
FIXUPS: 7fdda 94 15 16 11 9 57 d d fffff756 12 10 62 e 25 2f 1a b 23 26
FIXUPS: 7f7ed 19 27 a 13 10 46 1c 16 f 1c 13 17 6 12 17 13 13 6 a 1c 218d
FIXUPS: 81caa 8 8 a 8 48 10 10 10 16 7 10 13 20 1d3 4d 79 64 2c 1a 30 8a
FIXUPS: 821b9 b6 8 8 a 8 33 16 10 ffffece2 17 bc f e a 14 12 15 15 15c
FIXUPS: 81291 292 48 7 d 62 1e 15 16 7 10 13 20 1c0 de 39 1a 30 8e 44 82
FIXUPS: 826fc 5 b 3b 2d 27 17 246 ffffd9a7 84 ce 7 2f f e a 14 12 15 de
FIXUPS: 80681 176 d0 1c 27c 21 7 d 3e 73 19 2ea 1439 133 d 40 9d 7 5 d
FIXUPS: 825be 9 7 9 7 26 8 e c 7 6 7 7 7 6 7 5 11 7 18 34 7 13 7 2e4b 3c
FIXUPS: 855a5 22 10 1d 46 80 25 16 25 79 2d0 2d 38 f 22 7 26 b a 8 40 a
FIXUPS: 85b95 6 8 6 ffffc770 36 7 23 2d80 2d 20 40 27 1e 74 8 7 b 23 1a
FIXUPS: 852c3 b 12 11 25 3d 4f e c 1e 1e 6b 11 8 8 1e 11 d e 9 fffff67f
FIXUPS: 84b81 12 16 19 20 2e 36 2d a6 f1 2b 52 20 34 3c 1c 7 27 16 7 7
FIXUPS: 84fb9 1c 21 25 12 16 19 20 1d 30 fffff36d 63 1e 21 1c 65 32 a1
FIXUPS: 8463e 113 5e 24 1b 1c 98 14 44 d e 9 46 15 42 16 7 33 1a 7 7 24
FIXUPS: 84a78 d0 fffff461 9 1c 10 33 10 5c 18 21 b 8 e 19 13 3e 1e 22 4f
FIXUPS: 841ec 79 37 7 1b 22 62 22 22 2a 2d a 1e 25 fffff2b7 f 10 19 18
FIXUPS: 83746 9 e 5 e 27 21 30 17 11 9 83 5a 255 2f e1 2f 51 26 d 1f 14
FIXUPS: 83e40 29 9 1d 14 ffffeca5 1b e 9 51 a 3f 11 13 492 40 a 59 8 41
FIXUPS: 831bf 1c 5a e 1d 8 48 2e c 8 253 30 48 16 41 69 3a 28f1 20 8 20
FIXUPS: 85ff8 20 8 27 e 11 14 7 10 7 21 a b 2b 7 90 c 7 ffffc8a1 35 32
FIXUPS: 82ae0 8 8 13 7 24 13 30a7 6b 13 7 20 8 8 a 8 105 d 3c 7 23 8 1f
FIXUPS: 85e62 9 11 17 1a 7 44 c 7 a 7 2e 8 23 8 23
